Archive member included to satisfy reference by file (symbol)

/home/user/st/stm32cubeide_1.4.0/plugins/com.st.stm32cube.ide.mcu.externaltools.gnu-tools-for-stm32.7-2018-q2-update.linux64_1.4.0.202007081208/tools/bin/../lib/gcc/arm-none-eabi/7.3.1/../../../../arm-none-eabi/lib/thumb/v7e-m/fpv4-sp/hard/libc_nano.a(lib_a-errno.o)
                              Core/Src/syscalls.o (__errno)
/home/user/st/stm32cubeide_1.4.0/plugins/com.st.stm32cube.ide.mcu.externaltools.gnu-tools-for-stm32.7-2018-q2-update.linux64_1.4.0.202007081208/tools/bin/../lib/gcc/arm-none-eabi/7.3.1/../../../../arm-none-eabi/lib/thumb/v7e-m/fpv4-sp/hard/libc_nano.a(lib_a-exit.o)
                              /home/user/st/stm32cubeide_1.4.0/plugins/com.st.stm32cube.ide.mcu.externaltools.gnu-tools-for-stm32.7-2018-q2-update.linux64_1.4.0.202007081208/tools/bin/../lib/gcc/arm-none-eabi/7.3.1/../../../../arm-none-eabi/lib/thumb/v7e-m/fpv4-sp/hard/crt0.o (exit)
/home/user/st/stm32cubeide_1.4.0/plugins/com.st.stm32cube.ide.mcu.externaltools.gnu-tools-for-stm32.7-2018-q2-update.linux64_1.4.0.202007081208/tools/bin/../lib/gcc/arm-none-eabi/7.3.1/../../../../arm-none-eabi/lib/thumb/v7e-m/fpv4-sp/hard/libc_nano.a(lib_a-impure.o)
                              /home/user/st/stm32cubeide_1.4.0/plugins/com.st.stm32cube.ide.mcu.externaltools.gnu-tools-for-stm32.7-2018-q2-update.linux64_1.4.0.202007081208/tools/bin/../lib/gcc/arm-none-eabi/7.3.1/../../../../arm-none-eabi/lib/thumb/v7e-m/fpv4-sp/hard/libc_nano.a(lib_a-exit.o) (_global_impure_ptr)
/home/user/st/stm32cubeide_1.4.0/plugins/com.st.stm32cube.ide.mcu.externaltools.gnu-tools-for-stm32.7-2018-q2-update.linux64_1.4.0.202007081208/tools/bin/../lib/gcc/arm-none-eabi/7.3.1/../../../../arm-none-eabi/lib/thumb/v7e-m/fpv4-sp/hard/libc_nano.a(lib_a-init.o)
                              /home/user/st/stm32cubeide_1.4.0/plugins/com.st.stm32cube.ide.mcu.externaltools.gnu-tools-for-stm32.7-2018-q2-update.linux64_1.4.0.202007081208/tools/bin/../lib/gcc/arm-none-eabi/7.3.1/../../../../arm-none-eabi/lib/thumb/v7e-m/fpv4-sp/hard/crt0.o (__libc_init_array)
/home/user/st/stm32cubeide_1.4.0/plugins/com.st.stm32cube.ide.mcu.externaltools.gnu-tools-for-stm32.7-2018-q2-update.linux64_1.4.0.202007081208/tools/bin/../lib/gcc/arm-none-eabi/7.3.1/../../../../arm-none-eabi/lib/thumb/v7e-m/fpv4-sp/hard/libc_nano.a(lib_a-malloc.o)
                              Middlewares/ST/STM32_USB_Device_Library/Class/CDC/Src/usbd_cdc.o (malloc)
/home/user/st/stm32cubeide_1.4.0/plugins/com.st.stm32cube.ide.mcu.externaltools.gnu-tools-for-stm32.7-2018-q2-update.linux64_1.4.0.202007081208/tools/bin/../lib/gcc/arm-none-eabi/7.3.1/../../../../arm-none-eabi/lib/thumb/v7e-m/fpv4-sp/hard/libc_nano.a(lib_a-memcpy-stub.o)
                              Core/Src/ssd1306.o (memcpy)
/home/user/st/stm32cubeide_1.4.0/plugins/com.st.stm32cube.ide.mcu.externaltools.gnu-tools-for-stm32.7-2018-q2-update.linux64_1.4.0.202007081208/tools/bin/../lib/gcc/arm-none-eabi/7.3.1/../../../../arm-none-eabi/lib/thumb/v7e-m/fpv4-sp/hard/libc_nano.a(lib_a-memmove.o)
                              Core/Src/ssd1306_tests.o (memmove)
/home/user/st/stm32cubeide_1.4.0/plugins/com.st.stm32cube.ide.mcu.externaltools.gnu-tools-for-stm32.7-2018-q2-update.linux64_1.4.0.202007081208/tools/bin/../lib/gcc/arm-none-eabi/7.3.1/../../../../arm-none-eabi/lib/thumb/v7e-m/fpv4-sp/hard/libc_nano.a(lib_a-memset.o)
                              /home/user/st/stm32cubeide_1.4.0/plugins/com.st.stm32cube.ide.mcu.externaltools.gnu-tools-for-stm32.7-2018-q2-update.linux64_1.4.0.202007081208/tools/bin/../lib/gcc/arm-none-eabi/7.3.1/../../../../arm-none-eabi/lib/thumb/v7e-m/fpv4-sp/hard/crt0.o (memset)
/home/user/st/stm32cubeide_1.4.0/plugins/com.st.stm32cube.ide.mcu.externaltools.gnu-tools-for-stm32.7-2018-q2-update.linux64_1.4.0.202007081208/tools/bin/../lib/gcc/arm-none-eabi/7.3.1/../../../../arm-none-eabi/lib/thumb/v7e-m/fpv4-sp/hard/libc_nano.a(lib_a-nano-freer.o)
                              /home/user/st/stm32cubeide_1.4.0/plugins/com.st.stm32cube.ide.mcu.externaltools.gnu-tools-for-stm32.7-2018-q2-update.linux64_1.4.0.202007081208/tools/bin/../lib/gcc/arm-none-eabi/7.3.1/../../../../arm-none-eabi/lib/thumb/v7e-m/fpv4-sp/hard/libc_nano.a(lib_a-malloc.o) (_free_r)
/home/user/st/stm32cubeide_1.4.0/plugins/com.st.stm32cube.ide.mcu.externaltools.gnu-tools-for-stm32.7-2018-q2-update.linux64_1.4.0.202007081208/tools/bin/../lib/gcc/arm-none-eabi/7.3.1/../../../../arm-none-eabi/lib/thumb/v7e-m/fpv4-sp/hard/libc_nano.a(lib_a-nano-mallocr.o)
                              /home/user/st/stm32cubeide_1.4.0/plugins/com.st.stm32cube.ide.mcu.externaltools.gnu-tools-for-stm32.7-2018-q2-update.linux64_1.4.0.202007081208/tools/bin/../lib/gcc/arm-none-eabi/7.3.1/../../../../arm-none-eabi/lib/thumb/v7e-m/fpv4-sp/hard/libc_nano.a(lib_a-malloc.o) (_malloc_r)
[...]
Memory Configuration

Name             Origin             Length             Attributes
RAM              0x0000000020000000 0x0000000000020000 xrw
FLASH            0x0000000008000000 0x0000000000080000 xr
*default*        0x0000000000000000 0xffffffffffffffff

Linker script and memory map

LOAD /home/user/st/stm32cubeide_1.4.0/plugins/com.st.stm32cube.ide.mcu.externaltools.gnu-tools-for-stm32.7-2018-q2-update.linux64_1.4.0.202007081208/tools/bin/../lib/gcc/arm-none-eabi/7.3.1/thumb/v7e-m/fpv4-sp/hard/crti.o
LOAD /home/user/st/stm32cubeide_1.4.0/plugins/com.st.stm32cube.ide.mcu.externaltools.gnu-tools-for-stm32.7-2018-q2-update.linux64_1.4.0.202007081208/tools/bin/../lib/gcc/arm-none-eabi/7.3.1/thumb/v7e-m/fpv4-sp/hard/crtbegin.o
LOAD /home/user/st/stm32cubeide_1.4.0/plugins/com.st.stm32cube.ide.mcu.externaltools.gnu-tools-for-stm32.7-2018-q2-update.linux64_1.4.0.202007081208/tools/bin/../lib/gcc/arm-none-eabi/7.3.1/../../../../arm-none-eabi/lib/thumb/v7e-m/fpv4-sp/hard/crt0.o
LOAD Core/Src/main.o
LOAD Core/Src/ssd1306.o
LOAD Core/Src/ssd1306_fonts.o
LOAD Core/Src/ssd1306_tests.o
LOAD Core/Src/stm32f4xx_hal_msp.o
LOAD Core/Src/stm32f4xx_it.o
LOAD Core/Src/syscalls.o
LOAD Core/Src/sysmem.o
LOAD Core/Src/system_stm32f4xx.o
LOAD Core/Startup/startup_stm32f411ceux.o
LOAD Drivers/STM32F4xx_HAL_Driver/Src/stm32f4xx_hal.o
LOAD Drivers/STM32F4xx_HAL_Driver/Src/stm32f4xx_hal_cortex.o
LOAD Drivers/STM32F4xx_HAL_Driver/Src/stm32f4xx_hal_dma.o
LOAD Drivers/STM32F4xx_HAL_Driver/Src/stm32f4xx_hal_dma_ex.o
LOAD Drivers/STM32F4xx_HAL_Driver/Src/stm32f4xx_hal_exti.o
LOAD Drivers/STM32F4xx_HAL_Driver/Src/stm32f4xx_hal_flash.o
LOAD Drivers/STM32F4xx_HAL_Driver/Src/stm32f4xx_hal_flash_ex.o
LOAD Drivers/STM32F4xx_HAL_Driver/Src/stm32f4xx_hal_flash_ramfunc.o
LOAD Drivers/STM32F4xx_HAL_Driver/Src/stm32f4xx_hal_gpio.o
LOAD Drivers/STM32F4xx_HAL_Driver/Src/stm32f4xx_hal_i2c.o
LOAD Drivers/STM32F4xx_HAL_Driver/Src/stm32f4xx_hal_i2c_ex.o
LOAD Drivers/STM32F4xx_HAL_Driver/Src/stm32f4xx_hal_pcd.o
LOAD Drivers/STM32F4xx_HAL_Driver/Src/stm32f4xx_hal_pcd_ex.o
LOAD Drivers/STM32F4xx_HAL_Driver/Src/stm32f4xx_hal_pwr.o
LOAD Drivers/STM32F4xx_HAL_Driver/Src/stm32f4xx_hal_pwr_ex.o
LOAD Drivers/STM32F4xx_HAL_Driver/Src/stm32f4xx_hal_rcc.o
LOAD Drivers/STM32F4xx_HAL_Driver/Src/stm32f4xx_hal_rcc_ex.o
LOAD Drivers/STM32F4xx_HAL_Driver/Src/stm32f4xx_hal_tim.o
LOAD Drivers/STM32F4xx_HAL_Driver/Src/stm32f4xx_hal_tim_ex.o
LOAD Drivers/STM32F4xx_HAL_Driver/Src/stm32f4xx_ll_usb.o
LOAD Middlewares/ST/STM32_USB_Device_Library/Class/CDC/Src/usbd_cdc.o
LOAD Middlewares/ST/STM32_USB_Device_Library/Core/Src/usbd_core.o
LOAD Middlewares/ST/STM32_USB_Device_Library/Core/Src/usbd_ctlreq.o
LOAD Middlewares/ST/STM32_USB_Device_Library/Core/Src/usbd_ioreq.o
LOAD USB_DEVICE/App/usb_device.o
LOAD USB_DEVICE/App/usbd_cdc_if.o
LOAD USB_DEVICE/App/usbd_desc.o
LOAD USB_DEVICE/Target/usbd_conf.o
START GROUP
LOAD /home/user/st/stm32cubeide_1.4.0/plugins/com.st.stm32cube.ide.mcu.externaltools.gnu-tools-for-stm32.7-2018-q2-update.linux64_1.4.0.202007081208/tools/bin/../lib/gcc/arm-none-eabi/7.3.1/../../../../arm-none-eabi/lib/thumb/v7e-m/fpv4-sp/hard/libc_nano.a
LOAD /home/user/st/stm32cubeide_1.4.0/plugins/com.st.stm32cube.ide.mcu.externaltools.gnu-tools-for-stm32.7-2018-q2-update.linux64_1.4.0.202007081208/tools/bin/../lib/gcc/arm-none-eabi/7.3.1/../../../../arm-none-eabi/lib/thumb/v7e-m/fpv4-sp/hard/libm.a
END GROUP
START GROUP
LOAD /home/user/st/stm32cubeide_1.4.0/plugins/com.st.stm32cube.ide.mcu.externaltools.gnu-tools-for-stm32.7-2018-q2-update.linux64_1.4.0.202007081208/tools/bin/../lib/gcc/arm-none-eabi/7.3.1/thumb/v7e-m/fpv4-sp/hard/libgcc.a
LOAD /home/user/st/stm32cubeide_1.4.0/plugins/com.st.stm32cube.ide.mcu.externaltools.gnu-tools-for-stm32.7-2018-q2-update.linux64_1.4.0.202007081208/tools/bin/../lib/gcc/arm-none-eabi/7.3.1/../../../../arm-none-eabi/lib/thumb/v7e-m/fpv4-sp/hard/libc_nano.a
END GROUP
START GROUP
LOAD /home/user/st/stm32cubeide_1.4.0/plugins/com.st.stm32cube.ide.mcu.externaltools.gnu-tools-for-stm32.7-2018-q2-update.linux64_1.4.0.202007081208/tools/bin/../lib/gcc/arm-none-eabi/7.3.1/thumb/v7e-m/fpv4-sp/hard/libgcc.a
LOAD /home/user/st/stm32cubeide_1.4.0/plugins/com.st.stm32cube.ide.mcu.externaltools.gnu-tools-for-stm32.7-2018-q2-update.linux64_1.4.0.202007081208/tools/bin/../lib/gcc/arm-none-eabi/7.3.1/../../../../arm-none-eabi/lib/thumb/v7e-m/fpv4-sp/hard/libc_nano.a
LOAD /home/user/st/stm32cubeide_1.4.0/plugins/com.st.stm32cube.ide.mcu.externaltools.gnu-tools-for-stm32.7-2018-q2-update.linux64_1.4.0.202007081208/tools/bin/../lib/gcc/arm-none-eabi/7.3.1/../../../../arm-none-eabi/lib/thumb/v7e-m/fpv4-sp/hard/libnosys.a
END GROUP
START GROUP
LOAD /home/user/st/stm32cubeide_1.4.0/plugins/com.st.stm32cube.ide.mcu.externaltools.gnu-tools-for-stm32.7-2018-q2-update.linux64_1.4.0.202007081208/tools/bin/../lib/gcc/arm-none-eabi/7.3.1/thumb/v7e-m/fpv4-sp/hard/libgcc.a
LOAD /home/user/st/stm32cubeide_1.4.0/plugins/com.st.stm32cube.ide.mcu.externaltools.gnu-tools-for-stm32.7-2018-q2-update.linux64_1.4.0.202007081208/tools/bin/../lib/gcc/arm-none-eabi/7.3.1/../../../../arm-none-eabi/lib/thumb/v7e-m/fpv4-sp/hard/libc_nano.a
LOAD /home/user/st/stm32cubeide_1.4.0/plugins/com.st.stm32cube.ide.mcu.externaltools.gnu-tools-for-stm32.7-2018-q2-update.linux64_1.4.0.202007081208/tools/bin/../lib/gcc/arm-none-eabi/7.3.1/../../../../arm-none-eabi/lib/thumb/v7e-m/fpv4-sp/hard/libnosys.a
END GROUP
LOAD /home/user/st/stm32cubeide_1.4.0/plugins/com.st.stm32cube.ide.mcu.externaltools.gnu-tools-for-stm32.7-2018-q2-update.linux64_1.4.0.202007081208/tools/bin/../lib/gcc/arm-none-eabi/7.3.1/thumb/v7e-m/fpv4-sp/hard/crtend.o
LOAD /home/user/st/stm32cubeide_1.4.0/plugins/com.st.stm32cube.ide.mcu.externaltools.gnu-tools-for-stm32.7-2018-q2-update.linux64_1.4.0.202007081208/tools/bin/../lib/gcc/arm-none-eabi/7.3.1/thumb/v7e-m/fpv4-sp/hard/crtn.o
                0x0000000020020000                _estack = (ORIGIN (RAM) + LENGTH (RAM))
                0x0000000000000200                _Min_Heap_Size = 0x200
                0x0000000000000400                _Min_Stack_Size = 0x400

.isr_vector     0x0000000008000000      0x198
                0x0000000008000000                . = ALIGN (0x4)
 *(.isr_vector)
 .isr_vector    0x0000000008000000      0x198 Core/Startup/startup_stm32f411ceux.o
                0x0000000008000000                g_pfnVectors
                0x0000000008000198                . = ALIGN (0x4)

.text           0x0000000008000198     0x769c
                0x0000000008000198                . = ALIGN (0x4)
 *(.text)
 .text          0x0000000008000198       0x40 /home/user/st/stm32cubeide_1.4.0/plugins/com.st.stm32cube.ide.mcu.externaltools.gnu-tools-for-stm32.7-2018-q2-update.linux64_1.4.0.202007081208/tools/bin/../lib/gcc/arm-none-eabi/7.3.1/thumb/v7e-m/fpv4-sp/hard/crtbegin.o
 .text          0x00000000080001d8       0x30 /home/user/st/stm32cubeide_1.4.0/plugins/com.st.stm32cube.ide.mcu.externaltools.gnu-tools-for-stm32.7-2018-q2-update.linux64_1.4.0.202007081208/tools/bin/../lib/gcc/arm-none-eabi/7.3.1/thumb/v7e-m/fpv4-sp/hard/libgcc.a(_aeabi_uldivmod.o)
                0x00000000080001d8                __aeabi_uldivmod
 .text          0x0000000008000208      0x2cc /home/user/st/stm32cubeide_1.4.0/plugins/com.st.stm32cube.ide.mcu.externaltools.gnu-tools-for-stm32.7-2018-q2-update.linux64_1.4.0.202007081208/tools/bin/../lib/gcc/arm-none-eabi/7.3.1/thumb/v7e-m/fpv4-sp/hard/libgcc.a(_udivmoddi4.o)
                0x0000000008000208                __udivmoddi4
 .text          0x00000000080004d4        0x4 /home/user/st/stm32cubeide_1.4.0/plugins/com.st.stm32cube.ide.mcu.externaltools.gnu-tools-for-stm32.7-2018-q2-update.linux64_1.4.0.202007081208/tools/bin/../lib/gcc/arm-none-eabi/7.3.1/thumb/v7e-m/fpv4-sp/hard/libgcc.a(_dvmd_tls.o)
                0x00000000080004d4                __aeabi_ldiv0
                0x00000000080004d4                __aeabi_idiv0
 *(.text*)
 .text.main     0x00000000080004d8       0x26 Core/Src/main.o
                0x00000000080004d8                main
 *fill*         0x00000000080004fe        0x2 
 .text.SystemClock_Config
                0x0000000008000500       0xd8 Core/Src/main.o
                0x0000000008000500                SystemClock_Config
 .text.MX_I2C1_Init
                0x00000000080005d8       0x5c Core/Src/main.o
 .text.MX_GPIO_Init
                0x0000000008000634       0x88 Core/Src/main.o
 .text.myTest   0x00000000080006bc      0x2b8 Core/Src/main.o
 .text.testCir  0x0000000008000974       0x56 Core/Src/main.o
 .text.testCirb
                0x00000000080009ca       0x56 Core/Src/main.o
 .text.Error_Handler
                0x0000000008000a20        0xe Core/Src/main.o
                0x0000000008000a20                Error_Handler
 .text.ssd1306_Reset
                0x0000000008000a2e        0xe Core/Src/ssd1306.o
                0x0000000008000a2e                ssd1306_Reset
 .text.ssd1306_WriteCommand
                0x0000000008000a3c       0x30 Core/Src/ssd1306.o
                0x0000000008000a3c                ssd1306_WriteCommand
 .text.ssd1306_WriteData
                0x0000000008000a6c       0x34 Core/Src/ssd1306.o
                0x0000000008000a6c                ssd1306_WriteData
 .text.ssd1306_Init
                0x0000000008000aa0       0xd4 Core/Src/ssd1306.o
                0x0000000008000aa0                ssd1306_Init
 .text.ssd1306_Fill
                0x0000000008000b74       0x44 Core/Src/ssd1306.o
                0x0000000008000b74                ssd1306_Fill
 .text.ssd1306_UpdateScreen
                0x0000000008000bb8       0x4c Core/Src/ssd1306.o
                0x0000000008000bb8                ssd1306_UpdateScreen
 .text.ssd1306_DrawPixel
                0x0000000008000c04       0xc0 Core/Src/ssd1306.o
                0x0000000008000c04                ssd1306_DrawPixel
 .text.ssd1306_WriteChar
                0x0000000008000cc4      0x110 Core/Src/ssd1306.o
                0x0000000008000cc4                ssd1306_WriteChar
 .text.ssd1306_WriteString
                0x0000000008000dd4       0x4c Core/Src/ssd1306.o
                0x0000000008000dd4                ssd1306_WriteString
 .text.ssd1306_SetCursor
                0x0000000008000e20       0x30 Core/Src/ssd1306.o
                0x0000000008000e20                ssd1306_SetCursor
 .text.ssd1306_Line
                0x0000000008000e50       0xd8 Core/Src/ssd1306.o
                0x0000000008000e50                ssd1306_Line
 .text.ssd1306_DrawCircle
                0x0000000008000f28      0x110 Core/Src/ssd1306.o
                0x0000000008000f28                ssd1306_DrawCircle
 .text.ssd1306_DrawRectangle
                0x0000000008001038       0x6e Core/Src/ssd1306.o
                0x0000000008001038                ssd1306_DrawRectangle
 .text.ssd1306_SetContrast
                0x00000000080010a6       0x26 Core/Src/ssd1306.o
                0x00000000080010a6                ssd1306_SetContrast
 .text.ssd1306_SetDisplayOn
                0x00000000080010cc       0x3c Core/Src/ssd1306.o
                0x00000000080010cc                ssd1306_SetDisplayOn
 .text.ssd1306_TestLine
                0x0000000008001108       0x34 Core/Src/ssd1306_tests.o
                0x0000000008001108                ssd1306_TestLine
 .text.ssd1306_TestRectangle
                0x000000000800113c       0xea Core/Src/ssd1306_tests.o
                0x000000000800113c                ssd1306_TestRectangle
 *fill*         0x0000000008001226        0x2 
 .text.HAL_MspInit
                0x0000000008001228       0x50 Core/Src/stm32f4xx_hal_msp.o
                0x0000000008001228                HAL_MspInit
 .text.HAL_I2C_MspInit
                0x0000000008001278       0x90 Core/Src/stm32f4xx_hal_msp.o
                0x0000000008001278                HAL_I2C_MspInit
 .text.NMI_Handler
                0x0000000008001308        0xe Core/Src/stm32f4xx_it.o
                0x0000000008001308                NMI_Handler
 .text.HardFault_Handler
                0x0000000008001316        0x6 Core/Src/stm32f4xx_it.o
                0x0000000008001316                HardFault_Handler
 .text.MemManage_Handler
                0x000000000800131c        0x6 Core/Src/stm32f4xx_it.o
                0x000000000800131c                MemManage_Handler
 .text.BusFault_Handler
                0x0000000008001322        0x6 Core/Src/stm32f4xx_it.o
                0x0000000008001322                BusFault_Handler
 .text.UsageFault_Handler
                0x0000000008001328        0x6 Core/Src/stm32f4xx_it.o
                0x0000000008001328                UsageFault_Handler
 .text.SVC_Handler
                0x000000000800132e        0xe Core/Src/stm32f4xx_it.o
                0x000000000800132e                SVC_Handler
 .text.DebugMon_Handler
                0x000000000800133c        0xe Core/Src/stm32f4xx_it.o
                0x000000000800133c                DebugMon_Handler
 .text.PendSV_Handler
                0x000000000800134a        0xe Core/Src/stm32f4xx_it.o
                0x000000000800134a                PendSV_Handler
 .text.SysTick_Handler
                0x0000000008001358        0xc Core/Src/stm32f4xx_it.o
                0x0000000008001358                SysTick_Handler
 .text.OTG_FS_IRQHandler
                0x0000000008001364       0x14 Core/Src/stm32f4xx_it.o
                0x0000000008001364                OTG_FS_IRQHandler
 .text._sbrk    0x0000000008001378       0x6c Core/Src/sysmem.o
                0x0000000008001378                _sbrk
 .text.SystemInit
                0x00000000080013e4       0x2c Core/Src/system_stm32f4xx.o
                0x00000000080013e4                SystemInit
 .text.Reset_Handler
                0x0000000008001410       0x50 Core/Startup/startup_stm32f411ceux.o
                0x0000000008001410                Reset_Handler
 .text.Default_Handler
                0x0000000008001460        0x2 Core/Startup/startup_stm32f411ceux.o
                0x0000000008001460                RTC_Alarm_IRQHandler
                0x0000000008001460                EXTI2_IRQHandler
                0x0000000008001460                SPI4_IRQHandler
                0x0000000008001460                TIM1_CC_IRQHandler
                0x0000000008001460                DMA2_Stream5_IRQHandler
                0x0000000008001460                DMA1_Stream5_IRQHandler
                0x0000000008001460                PVD_IRQHandler
                0x0000000008001460                SDIO_IRQHandler
                0x0000000008001460                TAMP_STAMP_IRQHandler
                0x0000000008001460                EXTI3_IRQHandler
                0x0000000008001460                TIM1_UP_TIM10_IRQHandler
                0x0000000008001460                I2C3_ER_IRQHandler
                0x0000000008001460                EXTI0_IRQHandler
                0x0000000008001460                I2C2_EV_IRQHandler
                0x0000000008001460                DMA1_Stream2_IRQHandler
                0x0000000008001460                FPU_IRQHandler
                0x0000000008001460                DMA2_Stream2_IRQHandler
                0x0000000008001460                SPI1_IRQHandler
                0x0000000008001460                TIM1_BRK_TIM9_IRQHandler
                0x0000000008001460                DMA2_Stream3_IRQHandler
                0x0000000008001460                USART6_IRQHandler
                0x0000000008001460                DMA2_Stream0_IRQHandler
                0x0000000008001460                TIM4_IRQHandler
                0x0000000008001460                I2C1_EV_IRQHandler
                0x0000000008001460                DMA1_Stream6_IRQHandler
                0x0000000008001460                DMA1_Stream1_IRQHandler
                0x0000000008001460                TIM3_IRQHandler
                0x0000000008001460                RCC_IRQHandler
                0x0000000008001460                Default_Handler
                0x0000000008001460                EXTI15_10_IRQHandler
                0x0000000008001460                ADC_IRQHandler
                0x0000000008001460                DMA1_Stream7_IRQHandler
                0x0000000008001460                SPI5_IRQHandler
                0x0000000008001460                TIM5_IRQHandler
                0x0000000008001460                DMA2_Stream7_IRQHandler
                0x0000000008001460                I2C3_EV_IRQHandler
                0x0000000008001460                EXTI9_5_IRQHandler
                0x0000000008001460                RTC_WKUP_IRQHandler
                0x0000000008001460                SPI2_IRQHandler
                0x0000000008001460                DMA1_Stream0_IRQHandler
                0x0000000008001460                EXTI4_IRQHandler
                0x0000000008001460                WWDG_IRQHandler
                0x0000000008001460                TIM2_IRQHandler
                0x0000000008001460                OTG_FS_WKUP_IRQHandler
                0x0000000008001460                TIM1_TRG_COM_TIM11_IRQHandler
                0x0000000008001460                EXTI1_IRQHandler
                0x0000000008001460                USART2_IRQHandler
                0x0000000008001460                I2C2_ER_IRQHandler
                0x0000000008001460                DMA2_Stream1_IRQHandler
                0x0000000008001460                FLASH_IRQHandler
                0x0000000008001460                DMA2_Stream4_IRQHandler
                0x0000000008001460                USART1_IRQHandler
                0x0000000008001460                SPI3_IRQHandler
                0x0000000008001460                DMA1_Stream4_IRQHandler
                0x0000000008001460                I2C1_ER_IRQHandler
                0x0000000008001460                DMA2_Stream6_IRQHandler
                0x0000000008001460                DMA1_Stream3_IRQHandler
 *fill*         0x0000000008001462        0x2 
 .text.HAL_Init
                0x0000000008001464       0x44 Drivers/STM32F4xx_HAL_Driver/Src/stm32f4xx_hal.o
                0x0000000008001464                HAL_Init
 .text.HAL_InitTick
                0x00000000080014a8       0x60 Drivers/STM32F4xx_HAL_Driver/Src/stm32f4xx_hal.o
                0x00000000080014a8                HAL_InitTick
 .text.HAL_IncTick
                0x0000000008001508       0x28 Drivers/STM32F4xx_HAL_Driver/Src/stm32f4xx_hal.o
                0x0000000008001508                HAL_IncTick
 .text.HAL_GetTick
                0x0000000008001530       0x18 Drivers/STM32F4xx_HAL_Driver/Src/stm32f4xx_hal.o
                0x0000000008001530                HAL_GetTick
 .text.HAL_Delay
                0x0000000008001548       0x44 Drivers/STM32F4xx_HAL_Driver/Src/stm32f4xx_hal.o
                0x0000000008001548                HAL_Delay
 .text.__NVIC_SetPriorityGrouping
                0x000000000800158c       0x48 Drivers/STM32F4xx_HAL_Driver/Src/stm32f4xx_hal_cortex.o
 .text.__NVIC_GetPriorityGrouping
                0x00000000080015d4       0x1c Drivers/STM32F4xx_HAL_Driver/Src/stm32f4xx_hal_cortex.o
 .text.__NVIC_EnableIRQ
                0x00000000080015f0       0x3c Drivers/STM32F4xx_HAL_Driver/Src/stm32f4xx_hal_cortex.o
 .text.__NVIC_SetPriority
                0x000000000800162c       0x54 Drivers/STM32F4xx_HAL_Driver/Src/stm32f4xx_hal_cortex.o
 .text.NVIC_EncodePriority
                0x0000000008001680       0x66 Drivers/STM32F4xx_HAL_Driver/Src/stm32f4xx_hal_cortex.o
 *fill*         0x00000000080016e6        0x2 
 .text.SysTick_Config
                0x00000000080016e8       0x44 Drivers/STM32F4xx_HAL_Driver/Src/stm32f4xx_hal_cortex.o
 .text.HAL_NVIC_SetPriorityGrouping
                0x000000000800172c       0x16 Drivers/STM32F4xx_HAL_Driver/Src/stm32f4xx_hal_cortex.o
                0x000000000800172c                HAL_NVIC_SetPriorityGrouping
 .text.HAL_NVIC_SetPriority
                0x0000000008001742       0x38 Drivers/STM32F4xx_HAL_Driver/Src/stm32f4xx_hal_cortex.o
                0x0000000008001742                HAL_NVIC_SetPriority
 .text.HAL_NVIC_EnableIRQ
                0x000000000800177a       0x1c Drivers/STM32F4xx_HAL_Driver/Src/stm32f4xx_hal_cortex.o
                0x000000000800177a                HAL_NVIC_EnableIRQ
 .text.HAL_SYSTICK_Config
                0x0000000008001796       0x18 Drivers/STM32F4xx_HAL_Driver/Src/stm32f4xx_hal_cortex.o
                0x0000000008001796                HAL_SYSTICK_Config
 *fill*         0x00000000080017ae        0x2 
 .text.HAL_GPIO_Init
                0x00000000080017b0      0x304 Drivers/STM32F4xx_HAL_Driver/Src/stm32f4xx_hal_gpio.o
                0x00000000080017b0                HAL_GPIO_Init
 .text.HAL_I2C_Init
                0x0000000008001ab4      0x270 Drivers/STM32F4xx_HAL_Driver/Src/stm32f4xx_hal_i2c.o
                0x0000000008001ab4                HAL_I2C_Init
 .text.HAL_I2C_Mem_Write
                0x0000000008001d24      0x1f4 Drivers/STM32F4xx_HAL_Driver/Src/stm32f4xx_hal_i2c.o
                0x0000000008001d24                HAL_I2C_Mem_Write
 .text.I2C_RequestMemoryWrite
                0x0000000008001f18      0x128 Drivers/STM32F4xx_HAL_Driver/Src/stm32f4xx_hal_i2c.o
 .text.I2C_WaitOnFlagUntilTimeout
                0x0000000008002040       0xae Drivers/STM32F4xx_HAL_Driver/Src/stm32f4xx_hal_i2c.o
 .text.I2C_WaitOnMasterAddressFlagUntilTimeout
                0x00000000080020ee       0xfe Drivers/STM32F4xx_HAL_Driver/Src/stm32f4xx_hal_i2c.o
 .text.I2C_WaitOnTXEFlagUntilTimeout
                0x00000000080021ec       0x82 Drivers/STM32F4xx_HAL_Driver/Src/stm32f4xx_hal_i2c.o
 .text.I2C_WaitOnBTFFlagUntilTimeout
                0x000000000800226e       0x82 Drivers/STM32F4xx_HAL_Driver/Src/stm32f4xx_hal_i2c.o
 .text.I2C_IsAcknowledgeFailed
                0x00000000080022f0       0x5e Drivers/STM32F4xx_HAL_Driver/Src/stm32f4xx_hal_i2c.o
 .text.HAL_PCD_Init
                0x000000000800234e      0x23a Drivers/STM32F4xx_HAL_Driver/Src/stm32f4xx_hal_pcd.o
                0x000000000800234e                HAL_PCD_Init
 .text.HAL_PCD_Start
                0x0000000008002588       0x66 Drivers/STM32F4xx_HAL_Driver/Src/stm32f4xx_hal_pcd.o
                0x0000000008002588                HAL_PCD_Start
 .text.HAL_PCD_IRQHandler
                0x00000000080025ee      0x764 Drivers/STM32F4xx_HAL_Driver/Src/stm32f4xx_hal_pcd.o
                0x00000000080025ee                HAL_PCD_IRQHandler
 .text.HAL_PCD_SetAddress
                0x0000000008002d52       0x4a Drivers/STM32F4xx_HAL_Driver/Src/stm32f4xx_hal_pcd.o
                0x0000000008002d52                HAL_PCD_SetAddress
 .text.HAL_PCD_EP_Open
                0x0000000008002d9c       0xd0 Drivers/STM32F4xx_HAL_Driver/Src/stm32f4xx_hal_pcd.o
                0x0000000008002d9c                HAL_PCD_EP_Open
 .text.HAL_PCD_EP_Close
                0x0000000008002e6c       0x94 Drivers/STM32F4xx_HAL_Driver/Src/stm32f4xx_hal_pcd.o
                0x0000000008002e6c                HAL_PCD_EP_Close
 .text.HAL_PCD_EP_Receive
                0x0000000008002f00       0x96 Drivers/STM32F4xx_HAL_Driver/Src/stm32f4xx_hal_pcd.o
                0x0000000008002f00                HAL_PCD_EP_Receive
 .text.HAL_PCD_EP_GetRxCount
                0x0000000008002f96       0x30 Drivers/STM32F4xx_HAL_Driver/Src/stm32f4xx_hal_pcd.o
                0x0000000008002f96                HAL_PCD_EP_GetRxCount
 .text.HAL_PCD_EP_Transmit
                0x0000000008002fc6       0x94 Drivers/STM32F4xx_HAL_Driver/Src/stm32f4xx_hal_pcd.o
                0x0000000008002fc6                HAL_PCD_EP_Transmit
 .text.HAL_PCD_EP_SetStall
                0x000000000800305a       0xc8 Drivers/STM32F4xx_HAL_Driver/Src/stm32f4xx_hal_pcd.o
                0x000000000800305a                HAL_PCD_EP_SetStall
 .text.HAL_PCD_EP_ClrStall
                0x0000000008003122       0xac Drivers/STM32F4xx_HAL_Driver/Src/stm32f4xx_hal_pcd.o
                0x0000000008003122                HAL_PCD_EP_ClrStall
 .text.PCD_WriteEmptyTxFifo
                0x00000000080031ce      0x11a Drivers/STM32F4xx_HAL_Driver/Src/stm32f4xx_hal_pcd.o
 .text.PCD_EP_OutXfrComplete_int
                0x00000000080032e8      0x218 Drivers/STM32F4xx_HAL_Driver/Src/stm32f4xx_hal_pcd.o
 .text.PCD_EP_OutSetupPacket_int
                0x0000000008003500       0x8c Drivers/STM32F4xx_HAL_Driver/Src/stm32f4xx_hal_pcd.o
 .text.HAL_PCDEx_SetTxFiFo
                0x000000000800358c       0x8e Drivers/STM32F4xx_HAL_Driver/Src/stm32f4xx_hal_pcd_ex.o
                0x000000000800358c                HAL_PCDEx_SetTxFiFo
 .text.HAL_PCDEx_SetRxFiFo
                0x000000000800361a       0x22 Drivers/STM32F4xx_HAL_Driver/Src/stm32f4xx_hal_pcd_ex.o
                0x000000000800361a                HAL_PCDEx_SetRxFiFo
 .text.HAL_PCDEx_LPM_Callback
                0x000000000800363c       0x18 Drivers/STM32F4xx_HAL_Driver/Src/stm32f4xx_hal_pcd_ex.o
                0x000000000800363c                HAL_PCDEx_LPM_Callback
 .text.HAL_RCC_OscConfig
                0x0000000008003654      0x4e0 Drivers/STM32F4xx_HAL_Driver/Src/stm32f4xx_hal_rcc.o
                0x0000000008003654                HAL_RCC_OscConfig
 .text.HAL_RCC_ClockConfig
                0x0000000008003b34      0x1cc Drivers/STM32F4xx_HAL_Driver/Src/stm32f4xx_hal_rcc.o
                0x0000000008003b34                HAL_RCC_ClockConfig
 .text.HAL_RCC_GetSysClockFreq
                0x0000000008003d00      0x164 Drivers/STM32F4xx_HAL_Driver/Src/stm32f4xx_hal_rcc.o
                0x0000000008003d00                HAL_RCC_GetSysClockFreq
 .text.HAL_RCC_GetHCLKFreq
                0x0000000008003e64       0x18 Drivers/STM32F4xx_HAL_Driver/Src/stm32f4xx_hal_rcc.o
                0x0000000008003e64                HAL_RCC_GetHCLKFreq
 .text.HAL_RCC_GetPCLK1Freq
                0x0000000008003e7c       0x28 Drivers/STM32F4xx_HAL_Driver/Src/stm32f4xx_hal_rcc.o
                0x0000000008003e7c                HAL_RCC_GetPCLK1Freq
 .text.USB_CoreInit
                0x0000000008003ea4       0xc2 Drivers/STM32F4xx_HAL_Driver/Src/stm32f4xx_ll_usb.o
                0x0000000008003ea4                USB_CoreInit
 *fill*         0x0000000008003f66        0x2 
 .text.USB_SetTurnaroundTime
                0x0000000008003f68      0x144 Drivers/STM32F4xx_HAL_Driver/Src/stm32f4xx_ll_usb.o
                0x0000000008003f68                USB_SetTurnaroundTime
 .text.USB_EnableGlobalInt
                0x00000000080040ac       0x22 Drivers/STM32F4xx_HAL_Driver/Src/stm32f4xx_ll_usb.o
                0x00000000080040ac                USB_EnableGlobalInt
 .text.USB_DisableGlobalInt
                0x00000000080040ce       0x22 Drivers/STM32F4xx_HAL_Driver/Src/stm32f4xx_ll_usb.o
                0x00000000080040ce                USB_DisableGlobalInt
 .text.USB_SetCurrentMode
                0x00000000080040f0       0x54 Drivers/STM32F4xx_HAL_Driver/Src/stm32f4xx_ll_usb.o
                0x00000000080040f0                USB_SetCurrentMode
 .text.USB_DevInit
                0x0000000008004144      0x2c8 Drivers/STM32F4xx_HAL_Driver/Src/stm32f4xx_ll_usb.o
                0x0000000008004144                USB_DevInit
 .text.USB_FlushTxFifo
                0x000000000800440c       0x4c Drivers/STM32F4xx_HAL_Driver/Src/stm32f4xx_ll_usb.o
                0x000000000800440c                USB_FlushTxFifo
 .text.USB_FlushRxFifo
                0x0000000008004458       0x44 Drivers/STM32F4xx_HAL_Driver/Src/stm32f4xx_ll_usb.o
                0x0000000008004458                USB_FlushRxFifo
 .text.USB_SetDevSpeed
                0x000000000800449c       0x32 Drivers/STM32F4xx_HAL_Driver/Src/stm32f4xx_ll_usb.o
                0x000000000800449c                USB_SetDevSpeed
 .text.USB_GetDevSpeed
                0x00000000080044ce       0x4a Drivers/STM32F4xx_HAL_Driver/Src/stm32f4xx_ll_usb.o
                0x00000000080044ce                USB_GetDevSpeed
 .text.USB_ActivateEndpoint
                0x0000000008004518      0x10e Drivers/STM32F4xx_HAL_Driver/Src/stm32f4xx_ll_usb.o
                0x0000000008004518                USB_ActivateEndpoint
 *fill*         0x0000000008004626        0x2 
 .text.USB_DeactivateEndpoint
                0x0000000008004628      0x1b8 Drivers/STM32F4xx_HAL_Driver/Src/stm32f4xx_ll_usb.o
                0x0000000008004628                USB_DeactivateEndpoint
 .text.USB_EPStartXfer
                0x00000000080047e0      0x488 Drivers/STM32F4xx_HAL_Driver/Src/stm32f4xx_ll_usb.o
                0x00000000080047e0                USB_EPStartXfer
 .text.USB_EP0StartXfer
                0x0000000008004c68      0x2a6 Drivers/STM32F4xx_HAL_Driver/Src/stm32f4xx_ll_usb.o
                0x0000000008004c68                USB_EP0StartXfer
 .text.USB_WritePacket
                0x0000000008004f0e       0x6a Drivers/STM32F4xx_HAL_Driver/Src/stm32f4xx_ll_usb.o
                0x0000000008004f0e                USB_WritePacket
 .text.USB_ReadPacket
                0x0000000008004f78       0x52 Drivers/STM32F4xx_HAL_Driver/Src/stm32f4xx_ll_usb.o
                0x0000000008004f78                USB_ReadPacket
 .text.USB_EPSetStall
                0x0000000008004fca       0xdc Drivers/STM32F4xx_HAL_Driver/Src/stm32f4xx_ll_usb.o
                0x0000000008004fca                USB_EPSetStall
 .text.USB_EPClearStall
                0x00000000080050a6       0xcc Drivers/STM32F4xx_HAL_Driver/Src/stm32f4xx_ll_usb.o
                0x00000000080050a6                USB_EPClearStall
 .text.USB_SetDevAddress
                0x0000000008005172       0x4c Drivers/STM32F4xx_HAL_Driver/Src/stm32f4xx_ll_usb.o
                0x0000000008005172                USB_SetDevAddress
 .text.USB_DevConnect
                0x00000000080051be       0x30 Drivers/STM32F4xx_HAL_Driver/Src/stm32f4xx_ll_usb.o
                0x00000000080051be                USB_DevConnect
 .text.USB_DevDisconnect
                0x00000000080051ee       0x30 Drivers/STM32F4xx_HAL_Driver/Src/stm32f4xx_ll_usb.o
                0x00000000080051ee                USB_DevDisconnect
 .text.USB_ReadInterrupts
                0x000000000800521e       0x26 Drivers/STM32F4xx_HAL_Driver/Src/stm32f4xx_ll_usb.o
                0x000000000800521e                USB_ReadInterrupts
 .text.USB_ReadDevAllOutEpInterrupt
                0x0000000008005244       0x34 Drivers/STM32F4xx_HAL_Driver/Src/stm32f4xx_ll_usb.o
                0x0000000008005244                USB_ReadDevAllOutEpInterrupt
 .text.USB_ReadDevAllInEpInterrupt
                0x0000000008005278       0x34 Drivers/STM32F4xx_HAL_Driver/Src/stm32f4xx_ll_usb.o
                0x0000000008005278                USB_ReadDevAllInEpInterrupt
 .text.USB_ReadDevOutEPInterrupt
                0x00000000080052ac       0x3c Drivers/STM32F4xx_HAL_Driver/Src/stm32f4xx_ll_usb.o
                0x00000000080052ac                USB_ReadDevOutEPInterrupt
 .text.USB_ReadDevInEPInterrupt
                0x00000000080052e8       0x5c Drivers/STM32F4xx_HAL_Driver/Src/stm32f4xx_ll_usb.o
                0x00000000080052e8                USB_ReadDevInEPInterrupt
 .text.USB_GetMode
                0x0000000008005344       0x1c Drivers/STM32F4xx_HAL_Driver/Src/stm32f4xx_ll_usb.o
                0x0000000008005344                USB_GetMode
 .text.USB_ActivateSetup
                0x0000000008005360       0x46 Drivers/STM32F4xx_HAL_Driver/Src/stm32f4xx_ll_usb.o
                0x0000000008005360                USB_ActivateSetup
 *fill*         0x00000000080053a6        0x2 
 .text.USB_EP0_OutStart
                0x00000000080053a8       0xbc Drivers/STM32F4xx_HAL_Driver/Src/stm32f4xx_ll_usb.o
                0x00000000080053a8                USB_EP0_OutStart
 .text.USB_CoreReset
                0x0000000008005464       0x68 Drivers/STM32F4xx_HAL_Driver/Src/stm32f4xx_ll_usb.o
 .text.USBD_CDC_Init
                0x00000000080054cc      0x100 Middlewares/ST/STM32_USB_Device_Library/Class/CDC/Src/usbd_cdc.o
 .text.USBD_CDC_DeInit
                0x00000000080055cc       0x78 Middlewares/ST/STM32_USB_Device_Library/Class/CDC/Src/usbd_cdc.o
 .text.USBD_CDC_Setup
                0x0000000008005644      0x178 Middlewares/ST/STM32_USB_Device_Library/Class/CDC/Src/usbd_cdc.o
 .text.USBD_CDC_DataIn
                0x00000000080057bc       0xbe Middlewares/ST/STM32_USB_Device_Library/Class/CDC/Src/usbd_cdc.o
 .text.USBD_CDC_DataOut
                0x000000000800587a       0x56 Middlewares/ST/STM32_USB_Device_Library/Class/CDC/Src/usbd_cdc.o
 .text.USBD_CDC_EP0_RxReady
                0x00000000080058d0       0x50 Middlewares/ST/STM32_USB_Device_Library/Class/CDC/Src/usbd_cdc.o
 .text.USBD_CDC_GetFSCfgDesc
                0x0000000008005920       0x20 Middlewares/ST/STM32_USB_Device_Library/Class/CDC/Src/usbd_cdc.o
 .text.USBD_CDC_GetHSCfgDesc
                0x0000000008005940       0x20 Middlewares/ST/STM32_USB_Device_Library/Class/CDC/Src/usbd_cdc.o
 .text.USBD_CDC_GetOtherSpeedCfgDesc
                0x0000000008005960       0x20 Middlewares/ST/STM32_USB_Device_Library/Class/CDC/Src/usbd_cdc.o
 .text.USBD_CDC_GetDeviceQualifierDescriptor
                0x0000000008005980       0x20 Middlewares/ST/STM32_USB_Device_Library/Class/CDC/Src/usbd_cdc.o
                0x0000000008005980                USBD_CDC_GetDeviceQualifierDescriptor
 .text.USBD_CDC_RegisterInterface
                0x00000000080059a0       0x2a Middlewares/ST/STM32_USB_Device_Library/Class/CDC/Src/usbd_cdc.o
                0x00000000080059a0                USBD_CDC_RegisterInterface
 .text.USBD_CDC_SetTxBuffer
                0x00000000080059ca       0x32 Middlewares/ST/STM32_USB_Device_Library/Class/CDC/Src/usbd_cdc.o
                0x00000000080059ca                USBD_CDC_SetTxBuffer
 .text.USBD_CDC_SetRxBuffer
                0x00000000080059fc       0x28 Middlewares/ST/STM32_USB_Device_Library/Class/CDC/Src/usbd_cdc.o
                0x00000000080059fc                USBD_CDC_SetRxBuffer
 .text.USBD_CDC_ReceivePacket
                0x0000000008005a24       0x54 Middlewares/ST/STM32_USB_Device_Library/Class/CDC/Src/usbd_cdc.o
                0x0000000008005a24                USBD_CDC_ReceivePacket
 .text.USBD_Init
                0x0000000008005a78       0x6c Middlewares/ST/STM32_USB_Device_Library/Core/Src/usbd_core.o
                0x0000000008005a78                USBD_Init
 .text.USBD_RegisterClass
                0x0000000008005ae4       0x42 Middlewares/ST/STM32_USB_Device_Library/Core/Src/usbd_core.o
                0x0000000008005ae4                USBD_RegisterClass
 .text.USBD_Start
                0x0000000008005b26       0x18 Middlewares/ST/STM32_USB_Device_Library/Core/Src/usbd_core.o
                0x0000000008005b26                USBD_Start
 .text.USBD_RunTestMode
                0x0000000008005b3e       0x16 Middlewares/ST/STM32_USB_Device_Library/Core/Src/usbd_core.o
                0x0000000008005b3e                USBD_RunTestMode
 .text.USBD_SetClassConfig
                0x0000000008005b54       0x38 Middlewares/ST/STM32_USB_Device_Library/Core/Src/usbd_core.o
                0x0000000008005b54                USBD_SetClassConfig
 .text.USBD_ClrClassConfig
                0x0000000008005b8c       0x30 Middlewares/ST/STM32_USB_Device_Library/Core/Src/usbd_core.o
                0x0000000008005b8c                USBD_ClrClassConfig
 .text.USBD_LL_SetupStage
                0x0000000008005bbc       0xa6 Middlewares/ST/STM32_USB_Device_Library/Core/Src/usbd_core.o
                0x0000000008005bbc                USBD_LL_SetupStage
 .text.USBD_LL_DataOutStage
                0x0000000008005c62       0xc6 Middlewares/ST/STM32_USB_Device_Library/Core/Src/usbd_core.o
                0x0000000008005c62                USBD_LL_DataOutStage
 .text.USBD_LL_DataInStage
                0x0000000008005d28      0x12c Middlewares/ST/STM32_USB_Device_Library/Core/Src/usbd_core.o
                0x0000000008005d28                USBD_LL_DataInStage
 .text.USBD_LL_Reset
                0x0000000008005e54       0x82 Middlewares/ST/STM32_USB_Device_Library/Core/Src/usbd_core.o
                0x0000000008005e54                USBD_LL_Reset
 .text.USBD_LL_SetSpeed
                0x0000000008005ed6       0x20 Middlewares/ST/STM32_USB_Device_Library/Core/Src/usbd_core.o
                0x0000000008005ed6                USBD_LL_SetSpeed
 .text.USBD_LL_Suspend
                0x0000000008005ef6       0x2a Middlewares/ST/STM32_USB_Device_Library/Core/Src/usbd_core.o
                0x0000000008005ef6                USBD_LL_Suspend
 .text.USBD_LL_Resume
                0x0000000008005f20       0x2c Middlewares/ST/STM32_USB_Device_Library/Core/Src/usbd_core.o
                0x0000000008005f20                USBD_LL_Resume
 .text.USBD_LL_SOF
                0x0000000008005f4c       0x34 Middlewares/ST/STM32_USB_Device_Library/Core/Src/usbd_core.o
                0x0000000008005f4c                USBD_LL_SOF
 .text.USBD_LL_IsoINIncomplete
                0x0000000008005f80       0x1a Middlewares/ST/STM32_USB_Device_Library/Core/Src/usbd_core.o
                0x0000000008005f80                USBD_LL_IsoINIncomplete
 .text.USBD_LL_IsoOUTIncomplete
                0x0000000008005f9a       0x1a Middlewares/ST/STM32_USB_Device_Library/Core/Src/usbd_core.o
                0x0000000008005f9a                USBD_LL_IsoOUTIncomplete
 .text.USBD_LL_DevConnected
                0x0000000008005fb4       0x16 Middlewares/ST/STM32_USB_Device_Library/Core/Src/usbd_core.o
                0x0000000008005fb4                USBD_LL_DevConnected
 .text.USBD_LL_DevDisconnected
                0x0000000008005fca       0x38 Middlewares/ST/STM32_USB_Device_Library/Core/Src/usbd_core.o
                0x0000000008005fca                USBD_LL_DevDisconnected
 .text.SWAPBYTE
                0x0000000008006002       0x3c Middlewares/ST/STM32_USB_Device_Library/Core/Src/usbd_ctlreq.o
 *fill*         0x000000000800603e        0x2 
 .text.USBD_StdDevReq
                0x0000000008006040       0xdc Middlewares/ST/STM32_USB_Device_Library/Core/Src/usbd_ctlreq.o
                0x0000000008006040                USBD_StdDevReq
 .text.USBD_StdItfReq
                0x000000000800611c       0x8c Middlewares/ST/STM32_USB_Device_Library/Core/Src/usbd_ctlreq.o
                0x000000000800611c                USBD_StdItfReq
 .text.USBD_StdEPReq
                0x00000000080061a8      0x2aa Middlewares/ST/STM32_USB_Device_Library/Core/Src/usbd_ctlreq.o
                0x00000000080061a8                USBD_StdEPReq
 *fill*         0x0000000008006452        0x2 
 .text.USBD_GetDescriptor
                0x0000000008006454      0x2d4 Middlewares/ST/STM32_USB_Device_Library/Core/Src/usbd_ctlreq.o
 .text.USBD_SetAddress
                0x0000000008006728       0x84 Middlewares/ST/STM32_USB_Device_Library/Core/Src/usbd_ctlreq.o
 .text.USBD_SetConfig
                0x00000000080067ac      0x148 Middlewares/ST/STM32_USB_Device_Library/Core/Src/usbd_ctlreq.o
 .text.USBD_GetConfig
                0x00000000080068f4       0x68 Middlewares/ST/STM32_USB_Device_Library/Core/Src/usbd_ctlreq.o
 .text.USBD_GetStatus
                0x000000000800695c       0x66 Middlewares/ST/STM32_USB_Device_Library/Core/Src/usbd_ctlreq.o
 .text.USBD_SetFeature
                0x00000000080069c2       0x28 Middlewares/ST/STM32_USB_Device_Library/Core/Src/usbd_ctlreq.o
 .text.USBD_ClrFeature
                0x00000000080069ea       0x42 Middlewares/ST/STM32_USB_Device_Library/Core/Src/usbd_ctlreq.o
 .text.USBD_ParseSetupRequest
                0x0000000008006a2c       0x74 Middlewares/ST/STM32_USB_Device_Library/Core/Src/usbd_ctlreq.o
                0x0000000008006a2c                USBD_ParseSetupRequest
 .text.USBD_CtlError
                0x0000000008006aa0       0x22 Middlewares/ST/STM32_USB_Device_Library/Core/Src/usbd_ctlreq.o
                0x0000000008006aa0                USBD_CtlError
 .text.USBD_GetString
                0x0000000008006ac2       0x8c Middlewares/ST/STM32_USB_Device_Library/Core/Src/usbd_ctlreq.o
                0x0000000008006ac2                USBD_GetString
 .text.USBD_GetLen
                0x0000000008006b4e       0x34 Middlewares/ST/STM32_USB_Device_Library/Core/Src/usbd_ctlreq.o
 .text.USBD_CtlSendData
                0x0000000008006b82       0x36 Middlewares/ST/STM32_USB_Device_Library/Core/Src/usbd_ioreq.o
                0x0000000008006b82                USBD_CtlSendData
 .text.USBD_CtlContinueSendData
                0x0000000008006bb8       0x22 Middlewares/ST/STM32_USB_Device_Library/Core/Src/usbd_ioreq.o
                0x0000000008006bb8                USBD_CtlContinueSendData
 .text.USBD_CtlPrepareRx
                0x0000000008006bda       0x3a Middlewares/ST/STM32_USB_Device_Library/Core/Src/usbd_ioreq.o
                0x0000000008006bda                USBD_CtlPrepareRx
 .text.USBD_CtlContinueRx
                0x0000000008006c14       0x22 Middlewares/ST/STM32_USB_Device_Library/Core/Src/usbd_ioreq.o
                0x0000000008006c14                USBD_CtlContinueRx
 .text.USBD_CtlSendStatus
                0x0000000008006c36       0x26 Middlewares/ST/STM32_USB_Device_Library/Core/Src/usbd_ioreq.o
                0x0000000008006c36                USBD_CtlSendStatus
 .text.USBD_CtlReceiveStatus
                0x0000000008006c5c       0x26 Middlewares/ST/STM32_USB_Device_Library/Core/Src/usbd_ioreq.o
                0x0000000008006c5c                USBD_CtlReceiveStatus
 *fill*         0x0000000008006c82        0x2 
 .text.MX_USB_DEVICE_Init
                0x0000000008006c84       0x60 USB_DEVICE/App/usb_device.o
                0x0000000008006c84                MX_USB_DEVICE_Init
 .text.CDC_Init_FS
                0x0000000008006ce4       0x28 USB_DEVICE/App/usbd_cdc_if.o
 .text.CDC_DeInit_FS
                0x0000000008006d0c       0x10 USB_DEVICE/App/usbd_cdc_if.o
 .text.CDC_Control_FS
                0x0000000008006d1c       0xbc USB_DEVICE/App/usbd_cdc_if.o
 .text.CDC_Receive_FS
                0x0000000008006dd8       0x28 USB_DEVICE/App/usbd_cdc_if.o
 .text.CDC_TransmitCplt_FS
                0x0000000008006e00       0x22 USB_DEVICE/App/usbd_cdc_if.o
 *fill*         0x0000000008006e22        0x2 
 .text.USBD_FS_DeviceDescriptor
                0x0000000008006e24       0x24 USB_DEVICE/App/usbd_desc.o
                0x0000000008006e24                USBD_FS_DeviceDescriptor
 .text.USBD_FS_LangIDStrDescriptor
                0x0000000008006e48       0x24 USB_DEVICE/App/usbd_desc.o
                0x0000000008006e48                USBD_FS_LangIDStrDescriptor
 .text.USBD_FS_ProductStrDescriptor
                0x0000000008006e6c       0x3c USB_DEVICE/App/usbd_desc.o
                0x0000000008006e6c                USBD_FS_ProductStrDescriptor
 .text.USBD_FS_ManufacturerStrDescriptor
                0x0000000008006ea8       0x28 USB_DEVICE/App/usbd_desc.o
                0x0000000008006ea8                USBD_FS_ManufacturerStrDescriptor
 .text.USBD_FS_SerialStrDescriptor
                0x0000000008006ed0       0x24 USB_DEVICE/App/usbd_desc.o
                0x0000000008006ed0                USBD_FS_SerialStrDescriptor
 .text.USBD_FS_ConfigStrDescriptor
                0x0000000008006ef4       0x3c USB_DEVICE/App/usbd_desc.o
                0x0000000008006ef4                USBD_FS_ConfigStrDescriptor
 .text.USBD_FS_InterfaceStrDescriptor
                0x0000000008006f30       0x3c USB_DEVICE/App/usbd_desc.o
                0x0000000008006f30                USBD_FS_InterfaceStrDescriptor
 .text.Get_SerialNum
                0x0000000008006f6c       0x58 USB_DEVICE/App/usbd_desc.o
 .text.IntToUnicode
                0x0000000008006fc4       0x7c USB_DEVICE/App/usbd_desc.o
 .text.HAL_PCD_MspInit
                0x0000000008007040       0xa8 USB_DEVICE/Target/usbd_conf.o
                0x0000000008007040                HAL_PCD_MspInit
 .text.HAL_PCD_SetupStageCallback
                0x00000000080070e8       0x24 USB_DEVICE/Target/usbd_conf.o
                0x00000000080070e8                HAL_PCD_SetupStageCallback
 .text.HAL_PCD_DataOutStageCallback
                0x000000000800710c       0x36 USB_DEVICE/Target/usbd_conf.o
                0x000000000800710c                HAL_PCD_DataOutStageCallback
 .text.HAL_PCD_DataInStageCallback
                0x0000000008007142       0x34 USB_DEVICE/Target/usbd_conf.o
                0x0000000008007142                HAL_PCD_DataInStageCallback
 .text.HAL_PCD_SOFCallback
                0x0000000008007176       0x1c USB_DEVICE/Target/usbd_conf.o
                0x0000000008007176                HAL_PCD_SOFCallback
 .text.HAL_PCD_ResetCallback
                0x0000000008007192       0x3c USB_DEVICE/Target/usbd_conf.o
                0x0000000008007192                HAL_PCD_ResetCallback
 *fill*         0x00000000080071ce        0x2 
 .text.HAL_PCD_SuspendCallback
                0x00000000080071d0       0x4c USB_DEVICE/Target/usbd_conf.o
                0x00000000080071d0                HAL_PCD_SuspendCallback
 .text.HAL_PCD_ResumeCallback
                0x000000000800721c       0x1c USB_DEVICE/Target/usbd_conf.o
                0x000000000800721c                HAL_PCD_ResumeCallback
 .text.HAL_PCD_ISOOUTIncompleteCallback
                0x0000000008007238       0x24 USB_DEVICE/Target/usbd_conf.o
                0x0000000008007238                HAL_PCD_ISOOUTIncompleteCallback
 .text.HAL_PCD_ISOINIncompleteCallback
                0x000000000800725c       0x24 USB_DEVICE/Target/usbd_conf.o
                0x000000000800725c                HAL_PCD_ISOINIncompleteCallback
 .text.HAL_PCD_ConnectCallback
                0x0000000008007280       0x1c USB_DEVICE/Target/usbd_conf.o
                0x0000000008007280                HAL_PCD_ConnectCallback
 .text.HAL_PCD_DisconnectCallback
                0x000000000800729c       0x1c USB_DEVICE/Target/usbd_conf.o
                0x000000000800729c                HAL_PCD_DisconnectCallback
 .text.USBD_LL_Init
                0x00000000080072b8       0x98 USB_DEVICE/Target/usbd_conf.o
                0x00000000080072b8                USBD_LL_Init
 .text.USBD_LL_Start
                0x0000000008007350       0x36 USB_DEVICE/Target/usbd_conf.o
                0x0000000008007350                USBD_LL_Start
 .text.USBD_LL_OpenEP
                0x0000000008007386       0x4c USB_DEVICE/Target/usbd_conf.o
                0x0000000008007386                USBD_LL_OpenEP
 .text.USBD_LL_CloseEP
                0x00000000080073d2       0x3e USB_DEVICE/Target/usbd_conf.o
                0x00000000080073d2                USBD_LL_CloseEP
 .text.USBD_LL_StallEP
                0x0000000008007410       0x3e USB_DEVICE/Target/usbd_conf.o
                0x0000000008007410                USBD_LL_StallEP
 .text.USBD_LL_ClearStallEP
                0x000000000800744e       0x3e USB_DEVICE/Target/usbd_conf.o
                0x000000000800744e                USBD_LL_ClearStallEP
 .text.USBD_LL_IsStallEP
                0x000000000800748c       0x58 USB_DEVICE/Target/usbd_conf.o
                0x000000000800748c                USBD_LL_IsStallEP
 .text.USBD_LL_SetUSBAddress
                0x00000000080074e4       0x3e USB_DEVICE/Target/usbd_conf.o
                0x00000000080074e4                USBD_LL_SetUSBAddress
 .text.USBD_LL_Transmit
                0x0000000008007522       0x42 USB_DEVICE/Target/usbd_conf.o
                0x0000000008007522                USBD_LL_Transmit
 .text.USBD_LL_PrepareReceive
                0x0000000008007564       0x42 USB_DEVICE/Target/usbd_conf.o
                0x0000000008007564                USBD_LL_PrepareReceive
 .text.USBD_LL_GetRxDataSize
                0x00000000080075a6       0x26 USB_DEVICE/Target/usbd_conf.o
                0x00000000080075a6                USBD_LL_GetRxDataSize
 .text.USBD_Get_USB_Status
                0x00000000080075cc       0x58 USB_DEVICE/Target/usbd_conf.o
                0x00000000080075cc                USBD_Get_USB_Status
 .text.__errno  0x0000000008007624        0xc /home/user/st/stm32cubeide_1.4.0/plugins/com.st.stm32cube.ide.mcu.externaltools.gnu-tools-for-stm32.7-2018-q2-update.linux64_1.4.0.202007081208/tools/bin/../lib/gcc/arm-none-eabi/7.3.1/../../../../arm-none-eabi/lib/thumb/v7e-m/fpv4-sp/hard/libc_nano.a(lib_a-errno.o)
                0x0000000008007624                __errno
 .text.__libc_init_array
                0x0000000008007630       0x48 /home/user/st/stm32cubeide_1.4.0/plugins/com.st.stm32cube.ide.mcu.externaltools.gnu-tools-for-stm32.7-2018-q2-update.linux64_1.4.0.202007081208/tools/bin/../lib/gcc/arm-none-eabi/7.3.1/../../../../arm-none-eabi/lib/thumb/v7e-m/fpv4-sp/hard/libc_nano.a(lib_a-init.o)
                0x0000000008007630                __libc_init_array
 .text.malloc   0x0000000008007678       0x10 /home/user/st/stm32cubeide_1.4.0/plugins/com.st.stm32cube.ide.mcu.externaltools.gnu-tools-for-stm32.7-2018-q2-update.linux64_1.4.0.202007081208/tools/bin/../lib/gcc/arm-none-eabi/7.3.1/../../../../arm-none-eabi/lib/thumb/v7e-m/fpv4-sp/hard/libc_nano.a(lib_a-malloc.o)
                0x0000000008007678                malloc
 .text.free     0x0000000008007688       0x10 /home/user/st/stm32cubeide_1.4.0/plugins/com.st.stm32cube.ide.mcu.externaltools.gnu-tools-for-stm32.7-2018-q2-update.linux64_1.4.0.202007081208/tools/bin/../lib/gcc/arm-none-eabi/7.3.1/../../../../arm-none-eabi/lib/thumb/v7e-m/fpv4-sp/hard/libc_nano.a(lib_a-malloc.o)
                0x0000000008007688                free
 .text.memset   0x0000000008007698       0x10 /home/user/st/stm32cubeide_1.4.0/plugins/com.st.stm32cube.ide.mcu.externaltools.gnu-tools-for-stm32.7-2018-q2-update.linux64_1.4.0.202007081208/tools/bin/../lib/gcc/arm-none-eabi/7.3.1/../../../../arm-none-eabi/lib/thumb/v7e-m/fpv4-sp/hard/libc_nano.a(lib_a-memset.o)
                0x0000000008007698                memset
 .text._free_r  0x00000000080076a8       0x9c /home/user/st/stm32cubeide_1.4.0/plugins/com.st.stm32cube.ide.mcu.externaltools.gnu-tools-for-stm32.7-2018-q2-update.linux64_1.4.0.202007081208/tools/bin/../lib/gcc/arm-none-eabi/7.3.1/../../../../arm-none-eabi/lib/thumb/v7e-m/fpv4-sp/hard/libc_nano.a(lib_a-nano-freer.o)
                0x00000000080076a8                _free_r
 .text._malloc_r
                0x0000000008007744       0xb4 /home/user/st/stm32cubeide_1.4.0/plugins/com.st.stm32cube.ide.mcu.externaltools.gnu-tools-for-stm32.7-2018-q2-update.linux64_1.4.0.202007081208/tools/bin/../lib/gcc/arm-none-eabi/7.3.1/../../../../arm-none-eabi/lib/thumb/v7e-m/fpv4-sp/hard/libc_nano.a(lib_a-nano-mallocr.o)
                0x0000000008007744                _malloc_r
 .text._sbrk_r  0x00000000080077f8       0x20 /home/user/st/stm32cubeide_1.4.0/plugins/com.st.stm32cube.ide.mcu.externaltools.gnu-tools-for-stm32.7-2018-q2-update.linux64_1.4.0.202007081208/tools/bin/../lib/gcc/arm-none-eabi/7.3.1/../../../../arm-none-eabi/lib/thumb/v7e-m/fpv4-sp/hard/libc_nano.a(lib_a-sbrkr.o)
                0x00000000080077f8                _sbrk_r
 .text.__malloc_lock
                0x0000000008007818        0x2 /home/user/st/stm32cubeide_1.4.0/plugins/com.st.stm32cube.ide.mcu.externaltools.gnu-tools-for-stm32.7-2018-q2-update.linux64_1.4.0.202007081208/tools/bin/../lib/gcc/arm-none-eabi/7.3.1/../../../../arm-none-eabi/lib/thumb/v7e-m/fpv4-sp/hard/libc_nano.a(lib_a-mlock.o)
                0x0000000008007818                __malloc_lock
 .text.__malloc_unlock
                0x000000000800781a        0x2 /home/user/st/stm32cubeide_1.4.0/plugins/com.st.stm32cube.ide.mcu.externaltools.gnu-tools-for-stm32.7-2018-q2-update.linux64_1.4.0.202007081208/tools/bin/../lib/gcc/arm-none-eabi/7.3.1/../../../../arm-none-eabi/lib/thumb/v7e-m/fpv4-sp/hard/libc_nano.a(lib_a-mlock.o)
                0x000000000800781a                __malloc_unlock
 *(.glue_7)
 .glue_7        0x000000000800781c        0x0 linker stubs
 *(.glue_7t)
 .glue_7t       0x000000000800781c        0x0 linker stubs
 *(.eh_frame)
 .eh_frame      0x000000000800781c        0x0 /home/user/st/stm32cubeide_1.4.0/plugins/com.st.stm32cube.ide.mcu.externaltools.gnu-tools-for-stm32.7-2018-q2-update.linux64_1.4.0.202007081208/tools/bin/../lib/gcc/arm-none-eabi/7.3.1/thumb/v7e-m/fpv4-sp/hard/crtbegin.o
 *(.init)
 .init          0x000000000800781c        0x4 /home/user/st/stm32cubeide_1.4.0/plugins/com.st.stm32cube.ide.mcu.externaltools.gnu-tools-for-stm32.7-2018-q2-update.linux64_1.4.0.202007081208/tools/bin/../lib/gcc/arm-none-eabi/7.3.1/thumb/v7e-m/fpv4-sp/hard/crti.o
                0x000000000800781c                _init
 .init          0x0000000008007820        0x8 /home/user/st/stm32cubeide_1.4.0/plugins/com.st.stm32cube.ide.mcu.externaltools.gnu-tools-for-stm32.7-2018-q2-update.linux64_1.4.0.202007081208/tools/bin/../lib/gcc/arm-none-eabi/7.3.1/thumb/v7e-m/fpv4-sp/hard/crtn.o
 *(.fini)
 .fini          0x0000000008007828        0x4 /home/user/st/stm32cubeide_1.4.0/plugins/com.st.stm32cube.ide.mcu.externaltools.gnu-tools-for-stm32.7-2018-q2-update.linux64_1.4.0.202007081208/tools/bin/../lib/gcc/arm-none-eabi/7.3.1/thumb/v7e-m/fpv4-sp/hard/crti.o
                0x0000000008007828                _fini
 .fini          0x000000000800782c        0x8 /home/user/st/stm32cubeide_1.4.0/plugins/com.st.stm32cube.ide.mcu.externaltools.gnu-tools-for-stm32.7-2018-q2-update.linux64_1.4.0.202007081208/tools/bin/../lib/gcc/arm-none-eabi/7.3.1/thumb/v7e-m/fpv4-sp/hard/crtn.o
                0x0000000008007834                . = ALIGN (0x4)
                0x0000000008007834                _etext = .

.vfp11_veneer   0x0000000008007834        0x0
 .vfp11_veneer  0x0000000008007834        0x0 linker stubs

.v4_bx          0x0000000008007834        0x0
 .v4_bx         0x0000000008007834        0x0 linker stubs

.iplt           0x0000000008007834        0x0
 .iplt          0x0000000008007834        0x0 /home/user/st/stm32cubeide_1.4.0/plugins/com.st.stm32cube.ide.mcu.externaltools.gnu-tools-for-stm32.7-2018-q2-update.linux64_1.4.0.202007081208/tools/bin/../lib/gcc/arm-none-eabi/7.3.1/thumb/v7e-m/fpv4-sp/hard/crtbegin.o

.rodata         0x0000000008007834     0x1b54
                0x0000000008007834                . = ALIGN (0x4)
 *(.rodata)
 .rodata        0x0000000008007834       0x3c Core/Src/main.o
 .rodata        0x0000000008007870       0x46 USB_DEVICE/App/usbd_desc.o
 *(.rodata*)
 *fill*         0x00000000080078b6        0x2 
 .rodata.Font7x10
                0x00000000080078b8      0x76c Core/Src/ssd1306_fonts.o
 .rodata.Font16x26
                0x0000000008008024     0x134c Core/Src/ssd1306_fonts.o
 .rodata.AHBPrescTable
                0x0000000008009370       0x10 Core/Src/system_stm32f4xx.o
                0x0000000008009370                AHBPrescTable
 .rodata.APBPrescTable
                0x0000000008009380        0x8 Core/Src/system_stm32f4xx.o
                0x0000000008009380                APBPrescTable
                0x0000000008009388                . = ALIGN (0x4)

.ARM.extab      0x0000000008009388        0x0
                0x0000000008009388                . = ALIGN (0x4)
 *(.ARM.extab* .gnu.linkonce.armextab.*)
                0x0000000008009388                . = ALIGN (0x4)

.ARM            0x0000000008009388        0x8
                0x0000000008009388                . = ALIGN (0x4)
                0x0000000008009388                __exidx_start = .
 *(.ARM.exidx*)
 .ARM.exidx     0x0000000008009388        0x8 /home/user/st/stm32cubeide_1.4.0/plugins/com.st.stm32cube.ide.mcu.externaltools.gnu-tools-for-stm32.7-2018-q2-update.linux64_1.4.0.202007081208/tools/bin/../lib/gcc/arm-none-eabi/7.3.1/thumb/v7e-m/fpv4-sp/hard/libgcc.a(_udivmoddi4.o)
                0x0000000008009390                __exidx_end = .
                0x0000000008009390                . = ALIGN (0x4)

.rel.dyn        0x0000000008009390        0x0
 .rel.iplt      0x0000000008009390        0x0 /home/user/st/stm32cubeide_1.4.0/plugins/com.st.stm32cube.ide.mcu.externaltools.gnu-tools-for-stm32.7-2018-q2-update.linux64_1.4.0.202007081208/tools/bin/../lib/gcc/arm-none-eabi/7.3.1/thumb/v7e-m/fpv4-sp/hard/crtbegin.o

.preinit_array  0x0000000008009390        0x0
                0x0000000008009390                . = ALIGN (0x4)
                0x0000000008009390                PROVIDE (__preinit_array_start = .)
 *(.preinit_array*)
                0x0000000008009390                PROVIDE (__preinit_array_end = .)
                0x0000000008009390                . = ALIGN (0x4)

.init_array     0x0000000008009390        0x4
                0x0000000008009390                . = ALIGN (0x4)
                0x0000000008009390                PROVIDE (__init_array_start = .)
 *(SORT_BY_NAME(.init_array.*))
 *(.init_array*)
 .init_array    0x0000000008009390        0x4 /home/user/st/stm32cubeide_1.4.0/plugins/com.st.stm32cube.ide.mcu.externaltools.gnu-tools-for-stm32.7-2018-q2-update.linux64_1.4.0.202007081208/tools/bin/../lib/gcc/arm-none-eabi/7.3.1/thumb/v7e-m/fpv4-sp/hard/crtbegin.o
                0x0000000008009394                PROVIDE (__init_array_end = .)
                0x0000000008009394                . = ALIGN (0x4)

.fini_array     0x0000000008009394        0x4
                0x0000000008009394                . = ALIGN (0x4)
                [!provide]                        PROVIDE (__fini_array_start = .)
 *(SORT_BY_NAME(.fini_array.*))
 *(.fini_array*)
 .fini_array    0x0000000008009394        0x4 /home/user/st/stm32cubeide_1.4.0/plugins/com.st.stm32cube.ide.mcu.externaltools.gnu-tools-for-stm32.7-2018-q2-update.linux64_1.4.0.202007081208/tools/bin/../lib/gcc/arm-none-eabi/7.3.1/thumb/v7e-m/fpv4-sp/hard/crtbegin.o
                [!provide]                        PROVIDE (__fini_array_end = .)
                0x0000000008009398                . = ALIGN (0x4)
                0x0000000008009398                _sidata = LOADADDR (.data)

.data           0x0000000020000000      0x1f4 load address 0x0000000008009398
                0x0000000020000000                . = ALIGN (0x4)
                0x0000000020000000                _sdata = .
 *(.data)
 *(.data*)
 .data.Font_7x10
                0x0000000020000000        0x8 Core/Src/ssd1306_fonts.o
                0x0000000020000000                Font_7x10
 .data.Font_16x26
                0x0000000020000008        0x8 Core/Src/ssd1306_fonts.o
                0x0000000020000008                Font_16x26
 .data.SystemCoreClock
                0x0000000020000010        0x4 Core/Src/system_stm32f4xx.o
                0x0000000020000010                SystemCoreClock
 .data.uwTickPrio
                0x0000000020000014        0x4 Drivers/STM32F4xx_HAL_Driver/Src/stm32f4xx_hal.o
                0x0000000020000014                uwTickPrio
 .data.uwTickFreq
                0x0000000020000018        0x1 Drivers/STM32F4xx_HAL_Driver/Src/stm32f4xx_hal.o
                0x0000000020000018                uwTickFreq
 *fill*         0x0000000020000019        0x3 
 .data.USBD_CDC_DeviceQualifierDesc
                0x000000002000001c        0xa Middlewares/ST/STM32_USB_Device_Library/Class/CDC/Src/usbd_cdc.o
 *fill*         0x0000000020000026        0x2 
 .data.USBD_CDC
                0x0000000020000028       0x38 Middlewares/ST/STM32_USB_Device_Library/Class/CDC/Src/usbd_cdc.o
                0x0000000020000028                USBD_CDC
 .data.USBD_CDC_CfgHSDesc
                0x0000000020000060       0x43 Middlewares/ST/STM32_USB_Device_Library/Class/CDC/Src/usbd_cdc.o
 *fill*         0x00000000200000a3        0x1 
 .data.USBD_CDC_CfgFSDesc
                0x00000000200000a4       0x43 Middlewares/ST/STM32_USB_Device_Library/Class/CDC/Src/usbd_cdc.o
 *fill*         0x00000000200000e7        0x1 
 .data.USBD_CDC_OtherSpeedCfgDesc
                0x00000000200000e8       0x43 Middlewares/ST/STM32_USB_Device_Library/Class/CDC/Src/usbd_cdc.o
 *fill*         0x000000002000012b        0x1 
 .data.USBD_Interface_fops_FS
                0x000000002000012c       0x14 USB_DEVICE/App/usbd_cdc_if.o
                0x000000002000012c                USBD_Interface_fops_FS
 .data.FS_Desc  0x0000000020000140       0x1c USB_DEVICE/App/usbd_desc.o
                0x0000000020000140                FS_Desc
 .data.USBD_FS_DeviceDesc
                0x000000002000015c       0x12 USB_DEVICE/App/usbd_desc.o
                0x000000002000015c                USBD_FS_DeviceDesc
 *fill*         0x000000002000016e        0x2 
 .data.USBD_LangIDDesc
                0x0000000020000170        0x4 USB_DEVICE/App/usbd_desc.o
                0x0000000020000170                USBD_LangIDDesc
 .data.USBD_StringSerial
                0x0000000020000174       0x1a USB_DEVICE/App/usbd_desc.o
                0x0000000020000174                USBD_StringSerial
 *fill*         0x000000002000018e        0x2 
 .data._impure_ptr
                0x0000000020000190        0x4 /home/user/st/stm32cubeide_1.4.0/plugins/com.st.stm32cube.ide.mcu.externaltools.gnu-tools-for-stm32.7-2018-q2-update.linux64_1.4.0.202007081208/tools/bin/../lib/gcc/arm-none-eabi/7.3.1/../../../../arm-none-eabi/lib/thumb/v7e-m/fpv4-sp/hard/libc_nano.a(lib_a-impure.o)
                0x0000000020000190                _impure_ptr
 .data.impure_data
                0x0000000020000194       0x60 /home/user/st/stm32cubeide_1.4.0/plugins/com.st.stm32cube.ide.mcu.externaltools.gnu-tools-for-stm32.7-2018-q2-update.linux64_1.4.0.202007081208/tools/bin/../lib/gcc/arm-none-eabi/7.3.1/../../../../arm-none-eabi/lib/thumb/v7e-m/fpv4-sp/hard/libc_nano.a(lib_a-impure.o)
                0x00000000200001f4                . = ALIGN (0x4)
                0x00000000200001f4                _edata = .

.igot.plt       0x00000000200001f4        0x0 load address 0x000000000800958c
 .igot.plt      0x00000000200001f4        0x0 /home/user/st/stm32cubeide_1.4.0/plugins/com.st.stm32cube.ide.mcu.externaltools.gnu-tools-for-stm32.7-2018-q2-update.linux64_1.4.0.202007081208/tools/bin/../lib/gcc/arm-none-eabi/7.3.1/thumb/v7e-m/fpv4-sp/hard/crtbegin.o
                0x00000000200001f4                . = ALIGN (0x4)

.bss            0x00000000200001f4     0x1d68 load address 0x000000000800958c
                0x00000000200001f4                _sbss = .
                0x00000000200001f4                __bss_start__ = _sbss
 *(.bss)
 .bss           0x00000000200001f4       0x1c /home/user/st/stm32cubeide_1.4.0/plugins/com.st.stm32cube.ide.mcu.externaltools.gnu-tools-for-stm32.7-2018-q2-update.linux64_1.4.0.202007081208/tools/bin/../lib/gcc/arm-none-eabi/7.3.1/thumb/v7e-m/fpv4-sp/hard/crtbegin.o
 *(.bss*)
 .bss.SSD1306_Buffer
                0x0000000020000210      0x400 Core/Src/ssd1306.o
 .bss.SSD1306   0x0000000020000610        0x8 Core/Src/ssd1306.o
 .bss.__sbrk_heap_end
                0x0000000020000618        0x4 Core/Src/sysmem.o
 .bss.cfgidx.9946
                0x000000002000061c        0x1 Middlewares/ST/STM32_USB_Device_Library/Core/Src/usbd_ctlreq.o
 *fill*         0x000000002000061d        0x3 
 .bss.__malloc_free_list
                0x0000000020000620        0x4 /home/user/st/stm32cubeide_1.4.0/plugins/com.st.stm32cube.ide.mcu.externaltools.gnu-tools-for-stm32.7-2018-q2-update.linux64_1.4.0.202007081208/tools/bin/../lib/gcc/arm-none-eabi/7.3.1/../../../../arm-none-eabi/lib/thumb/v7e-m/fpv4-sp/hard/libc_nano.a(lib_a-nano-mallocr.o)
                0x0000000020000620                __malloc_free_list
 .bss.__malloc_sbrk_start
                0x0000000020000624        0x4 /home/user/st/stm32cubeide_1.4.0/plugins/com.st.stm32cube.ide.mcu.externaltools.gnu-tools-for-stm32.7-2018-q2-update.linux64_1.4.0.202007081208/tools/bin/../lib/gcc/arm-none-eabi/7.3.1/../../../../arm-none-eabi/lib/thumb/v7e-m/fpv4-sp/hard/libc_nano.a(lib_a-nano-mallocr.o)
                0x0000000020000624                __malloc_sbrk_start
 *(COMMON)
 COMMON         0x0000000020000628       0x54 Core/Src/main.o
                0x0000000020000628                hi2c1
 COMMON         0x000000002000067c        0x4 Drivers/STM32F4xx_HAL_Driver/Src/stm32f4xx_hal.o
                0x000000002000067c                uwTick
 COMMON         0x0000000020000680      0x2d0 USB_DEVICE/App/usb_device.o
                0x0000000020000680                hUsbDeviceFS
 COMMON         0x0000000020000950     0x1000 USB_DEVICE/App/usbd_cdc_if.o
                0x0000000020000950                UserRxBufferFS
                0x0000000020001150                UserTxBufferFS
 COMMON         0x0000000020001950      0x200 USB_DEVICE/App/usbd_desc.o
                0x0000000020001950                USBD_StrDesc
 COMMON         0x0000000020001b50      0x408 USB_DEVICE/Target/usbd_conf.o
                0x0000000020001b50                hpcd_USB_OTG_FS
 COMMON         0x0000000020001f58        0x4 /home/user/st/stm32cubeide_1.4.0/plugins/com.st.stm32cube.ide.mcu.externaltools.gnu-tools-for-stm32.7-2018-q2-update.linux64_1.4.0.202007081208/tools/bin/../lib/gcc/arm-none-eabi/7.3.1/../../../../arm-none-eabi/lib/thumb/v7e-m/fpv4-sp/hard/libc_nano.a(lib_a-reent.o)
                0x0000000020001f58                errno
                0x0000000020001f5c                . = ALIGN (0x4)
                0x0000000020001f5c                _ebss = .
                0x0000000020001f5c                __bss_end__ = _ebss

._user_heap_stack
                0x0000000020001f5c      0x604 load address 0x000000000800958c
                0x0000000020001f60                . = ALIGN (0x8)
 *fill*         0x0000000020001f5c        0x4 
                [!provide]                        PROVIDE (end = .)
                0x0000000020001f60                PROVIDE (_end = .)
                0x0000000020002160                . = (. + _Min_Heap_Size)
 *fill*         0x0000000020001f60      0x200 
                0x0000000020002560                . = (. + _Min_Stack_Size)
 *fill*         0x0000000020002160      0x400 
                0x0000000020002560                . = ALIGN (0x8)

/DISCARD/
 libc.a(*)
 libm.a(*)
 libgcc.a(*)

.ARM.attributes
                0x0000000000000000       0x30
 *(.ARM.attributes)
 .ARM.attributes
                0x0000000000000000       0x22 /home/user/st/stm32cubeide_1.4.0/plugins/com.st.stm32cube.ide.mcu.externaltools.gnu-tools-for-stm32.7-2018-q2-update.linux64_1.4.0.202007081208/tools/bin/../lib/gcc/arm-none-eabi/7.3.1/thumb/v7e-m/fpv4-sp/hard/crti.o
 .ARM.attributes
                0x0000000000000022       0x34 /home/user/st/stm32cubeide_1.4.0/plugins/com.st.stm32cube.ide.mcu.externaltools.gnu-tools-for-stm32.7-2018-q2-update.linux64_1.4.0.202007081208/tools/bin/../lib/gcc/arm-none-eabi/7.3.1/thumb/v7e-m/fpv4-sp/hard/crtbegin.o
 .ARM.attributes
                0x0000000000000056       0x39 Core/Src/main.o
 .ARM.attributes
                0x000000000000008f       0x39 Core/Src/ssd1306.o
 .ARM.attributes
                0x00000000000000c8       0x39 Core/Src/ssd1306_fonts.o
 .ARM.attributes
                0x0000000000000101       0x39 Core/Src/ssd1306_tests.o
 .ARM.attributes
                0x000000000000013a       0x39 Core/Src/stm32f4xx_hal_msp.o
 .ARM.attributes
                0x0000000000000173       0x39 Core/Src/stm32f4xx_it.o
 .ARM.attributes
                0x00000000000001ac       0x39 Core/Src/sysmem.o
 .ARM.attributes
                0x00000000000001e5       0x39 Core/Src/system_stm32f4xx.o
 .ARM.attributes
                0x000000000000021e       0x21 Core/Startup/startup_stm32f411ceux.o
 .ARM.attributes
                0x000000000000023f       0x39 Drivers/STM32F4xx_HAL_Driver/Src/stm32f4xx_hal.o
 .ARM.attributes
                0x0000000000000278       0x39 Drivers/STM32F4xx_HAL_Driver/Src/stm32f4xx_hal_cortex.o
 .ARM.attributes
                0x00000000000002b1       0x39 Drivers/STM32F4xx_HAL_Driver/Src/stm32f4xx_hal_gpio.o
 .ARM.attributes
                0x00000000000002ea       0x39 Drivers/STM32F4xx_HAL_Driver/Src/stm32f4xx_hal_i2c.o
 .ARM.attributes
                0x0000000000000323       0x39 Drivers/STM32F4xx_HAL_Driver/Src/stm32f4xx_hal_pcd.o
 .ARM.attributes
                0x000000000000035c       0x39 Drivers/STM32F4xx_HAL_Driver/Src/stm32f4xx_hal_pcd_ex.o
 .ARM.attributes
                0x0000000000000395       0x39 Drivers/STM32F4xx_HAL_Driver/Src/stm32f4xx_hal_rcc.o
 .ARM.attributes
                0x00000000000003ce       0x39 Drivers/STM32F4xx_HAL_Driver/Src/stm32f4xx_ll_usb.o
 .ARM.attributes
                0x0000000000000407       0x39 Middlewares/ST/STM32_USB_Device_Library/Class/CDC/Src/usbd_cdc.o
 .ARM.attributes
                0x0000000000000440       0x39 Middlewares/ST/STM32_USB_Device_Library/Core/Src/usbd_core.o
 .ARM.attributes
                0x0000000000000479       0x39 Middlewares/ST/STM32_USB_Device_Library/Core/Src/usbd_ctlreq.o
 .ARM.attributes
                0x00000000000004b2       0x39 Middlewares/ST/STM32_USB_Device_Library/Core/Src/usbd_ioreq.o
 .ARM.attributes
                0x00000000000004eb       0x39 USB_DEVICE/App/usb_device.o
 .ARM.attributes
                0x0000000000000524       0x39 USB_DEVICE/App/usbd_cdc_if.o
 .ARM.attributes
                0x000000000000055d       0x39 USB_DEVICE/App/usbd_desc.o
 .ARM.attributes
                0x0000000000000596       0x39 USB_DEVICE/Target/usbd_conf.o
 .ARM.attributes
                0x00000000000005cf       0x34 /home/user/st/stm32cubeide_1.4.0/plugins/com.st.stm32cube.ide.mcu.externaltools.gnu-tools-for-stm32.7-2018-q2-update.linux64_1.4.0.202007081208/tools/bin/../lib/gcc/arm-none-eabi/7.3.1/../../../../arm-none-eabi/lib/thumb/v7e-m/fpv4-sp/hard/libc_nano.a(lib_a-errno.o)
 .ARM.attributes
                0x0000000000000603       0x34 /home/user/st/stm32cubeide_1.4.0/plugins/com.st.stm32cube.ide.mcu.externaltools.gnu-tools-for-stm32.7-2018-q2-update.linux64_1.4.0.202007081208/tools/bin/../lib/gcc/arm-none-eabi/7.3.1/../../../../arm-none-eabi/lib/thumb/v7e-m/fpv4-sp/hard/libc_nano.a(lib_a-impure.o)
 .ARM.attributes
                0x0000000000000637       0x34 /home/user/st/stm32cubeide_1.4.0/plugins/com.st.stm32cube.ide.mcu.externaltools.gnu-tools-for-stm32.7-2018-q2-update.linux64_1.4.0.202007081208/tools/bin/../lib/gcc/arm-none-eabi/7.3.1/../../../../arm-none-eabi/lib/thumb/v7e-m/fpv4-sp/hard/libc_nano.a(lib_a-init.o)
 .ARM.attributes
                0x000000000000066b       0x34 /home/user/st/stm32cubeide_1.4.0/plugins/com.st.stm32cube.ide.mcu.externaltools.gnu-tools-for-stm32.7-2018-q2-update.linux64_1.4.0.202007081208/tools/bin/../lib/gcc/arm-none-eabi/7.3.1/../../../../arm-none-eabi/lib/thumb/v7e-m/fpv4-sp/hard/libc_nano.a(lib_a-malloc.o)
 .ARM.attributes
                0x000000000000069f       0x34 /home/user/st/stm32cubeide_1.4.0/plugins/com.st.stm32cube.ide.mcu.externaltools.gnu-tools-for-stm32.7-2018-q2-update.linux64_1.4.0.202007081208/tools/bin/../lib/gcc/arm-none-eabi/7.3.1/../../../../arm-none-eabi/lib/thumb/v7e-m/fpv4-sp/hard/libc_nano.a(lib_a-memset.o)
 .ARM.attributes
                0x00000000000006d3       0x34 /home/user/st/stm32cubeide_1.4.0/plugins/com.st.stm32cube.ide.mcu.externaltools.gnu-tools-for-stm32.7-2018-q2-update.linux64_1.4.0.202007081208/tools/bin/../lib/gcc/arm-none-eabi/7.3.1/../../../../arm-none-eabi/lib/thumb/v7e-m/fpv4-sp/hard/libc_nano.a(lib_a-nano-freer.o)
 .ARM.attributes
                0x0000000000000707       0x34 /home/user/st/stm32cubeide_1.4.0/plugins/com.st.stm32cube.ide.mcu.externaltools.gnu-tools-for-stm32.7-2018-q2-update.linux64_1.4.0.202007081208/tools/bin/../lib/gcc/arm-none-eabi/7.3.1/../../../../arm-none-eabi/lib/thumb/v7e-m/fpv4-sp/hard/libc_nano.a(lib_a-nano-mallocr.o)
 .ARM.attributes
                0x000000000000073b       0x34 /home/user/st/stm32cubeide_1.4.0/plugins/com.st.stm32cube.ide.mcu.externaltools.gnu-tools-for-stm32.7-2018-q2-update.linux64_1.4.0.202007081208/tools/bin/../lib/gcc/arm-none-eabi/7.3.1/../../../../arm-none-eabi/lib/thumb/v7e-m/fpv4-sp/hard/libc_nano.a(lib_a-sbrkr.o)
 .ARM.attributes
                0x000000000000076f       0x34 /home/user/st/stm32cubeide_1.4.0/plugins/com.st.stm32cube.ide.mcu.externaltools.gnu-tools-for-stm32.7-2018-q2-update.linux64_1.4.0.202007081208/tools/bin/../lib/gcc/arm-none-eabi/7.3.1/../../../../arm-none-eabi/lib/thumb/v7e-m/fpv4-sp/hard/libc_nano.a(lib_a-mlock.o)
 .ARM.attributes
                0x00000000000007a3       0x34 /home/user/st/stm32cubeide_1.4.0/plugins/com.st.stm32cube.ide.mcu.externaltools.gnu-tools-for-stm32.7-2018-q2-update.linux64_1.4.0.202007081208/tools/bin/../lib/gcc/arm-none-eabi/7.3.1/../../../../arm-none-eabi/lib/thumb/v7e-m/fpv4-sp/hard/libc_nano.a(lib_a-reent.o)
 .ARM.attributes
                0x00000000000007d7       0x22 /home/user/st/stm32cubeide_1.4.0/plugins/com.st.stm32cube.ide.mcu.externaltools.gnu-tools-for-stm32.7-2018-q2-update.linux64_1.4.0.202007081208/tools/bin/../lib/gcc/arm-none-eabi/7.3.1/thumb/v7e-m/fpv4-sp/hard/libgcc.a(_aeabi_uldivmod.o)
 .ARM.attributes
                0x00000000000007f9       0x34 /home/user/st/stm32cubeide_1.4.0/plugins/com.st.stm32cube.ide.mcu.externaltools.gnu-tools-for-stm32.7-2018-q2-update.linux64_1.4.0.202007081208/tools/bin/../lib/gcc/arm-none-eabi/7.3.1/thumb/v7e-m/fpv4-sp/hard/libgcc.a(_udivmoddi4.o)
 .ARM.attributes
                0x000000000000082d       0x22 /home/user/st/stm32cubeide_1.4.0/plugins/com.st.stm32cube.ide.mcu.externaltools.gnu-tools-for-stm32.7-2018-q2-update.linux64_1.4.0.202007081208/tools/bin/../lib/gcc/arm-none-eabi/7.3.1/thumb/v7e-m/fpv4-sp/hard/libgcc.a(_dvmd_tls.o)
 .ARM.attributes
                0x000000000000084f       0x22 /home/user/st/stm32cubeide_1.4.0/plugins/com.st.stm32cube.ide.mcu.externaltools.gnu-tools-for-stm32.7-2018-q2-update.linux64_1.4.0.202007081208/tools/bin/../lib/gcc/arm-none-eabi/7.3.1/thumb/v7e-m/fpv4-sp/hard/crtn.o
OUTPUT(myDisp.elf elf32-littlearm)

.debug_info     0x0000000000000000    0x1a326
 .debug_info    0x0000000000000000     0x14e5 Core/Src/main.o
 .debug_info    0x00000000000014e5     0x165e Core/Src/ssd1306.o
 .debug_info    0x0000000000002b43      0x1dd Core/Src/ssd1306_fonts.o
 .debug_info    0x0000000000002d20     0x10ce Core/Src/ssd1306_tests.o
 .debug_info    0x0000000000003dee      0xa7d Core/Src/stm32f4xx_hal_msp.o
 .debug_info    0x000000000000486b      0xba3 Core/Src/stm32f4xx_it.o
 .debug_info    0x000000000000540e      0x985 Core/Src/sysmem.o
 .debug_info    0x0000000000005d93      0x57e Core/Src/system_stm32f4xx.o
 .debug_info    0x0000000000006311       0x22 Core/Startup/startup_stm32f411ceux.o
 .debug_info    0x0000000000006333      0x8d5 Drivers/STM32F4xx_HAL_Driver/Src/stm32f4xx_hal.o
 .debug_info    0x0000000000006c08      0xd98 Drivers/STM32F4xx_HAL_Driver/Src/stm32f4xx_hal_cortex.o
 .debug_info    0x00000000000079a0      0x7d7 Drivers/STM32F4xx_HAL_Driver/Src/stm32f4xx_hal_gpio.o
 .debug_info    0x0000000000008177     0x23ba Drivers/STM32F4xx_HAL_Driver/Src/stm32f4xx_hal_i2c.o
 .debug_info    0x000000000000a531     0x1114 Drivers/STM32F4xx_HAL_Driver/Src/stm32f4xx_hal_pcd.o
 .debug_info    0x000000000000b645      0x753 Drivers/STM32F4xx_HAL_Driver/Src/stm32f4xx_hal_pcd_ex.o
 .debug_info    0x000000000000bd98      0x92a Drivers/STM32F4xx_HAL_Driver/Src/stm32f4xx_hal_rcc.o
 .debug_info    0x000000000000c6c2     0x18dd Drivers/STM32F4xx_HAL_Driver/Src/stm32f4xx_ll_usb.o
 .debug_info    0x000000000000df9f     0x1d2e Middlewares/ST/STM32_USB_Device_Library/Class/CDC/Src/usbd_cdc.o
 .debug_info    0x000000000000fccd     0x17d8 Middlewares/ST/STM32_USB_Device_Library/Core/Src/usbd_core.o
 .debug_info    0x00000000000114a5     0x1790 Middlewares/ST/STM32_USB_Device_Library/Core/Src/usbd_ctlreq.o
 .debug_info    0x0000000000012c35     0x14db Middlewares/ST/STM32_USB_Device_Library/Core/Src/usbd_ioreq.o
 .debug_info    0x0000000000014110     0x144e USB_DEVICE/App/usb_device.o
 .debug_info    0x000000000001555e     0x1660 USB_DEVICE/App/usbd_cdc_if.o
 .debug_info    0x0000000000016bbe     0x1273 USB_DEVICE/App/usbd_desc.o
 .debug_info    0x0000000000017e31     0x24f5 USB_DEVICE/Target/usbd_conf.o

.debug_abbrev   0x0000000000000000     0x341d
 .debug_abbrev  0x0000000000000000      0x27e Core/Src/main.o
 .debug_abbrev  0x000000000000027e      0x34c Core/Src/ssd1306.o
 .debug_abbrev  0x00000000000005ca       0xb0 Core/Src/ssd1306_fonts.o
 .debug_abbrev  0x000000000000067a      0x1fb Core/Src/ssd1306_tests.o
 .debug_abbrev  0x0000000000000875      0x18c Core/Src/stm32f4xx_hal_msp.o
 .debug_abbrev  0x0000000000000a01      0x190 Core/Src/stm32f4xx_it.o
 .debug_abbrev  0x0000000000000b91      0x19b Core/Src/sysmem.o
 .debug_abbrev  0x0000000000000d2c      0x12b Core/Src/system_stm32f4xx.o
 .debug_abbrev  0x0000000000000e57       0x12 Core/Startup/startup_stm32f411ceux.o
 .debug_abbrev  0x0000000000000e69      0x1f2 Drivers/STM32F4xx_HAL_Driver/Src/stm32f4xx_hal.o
 .debug_abbrev  0x000000000000105b      0x2fa Drivers/STM32F4xx_HAL_Driver/Src/stm32f4xx_hal_cortex.o
 .debug_abbrev  0x0000000000001355      0x1c9 Drivers/STM32F4xx_HAL_Driver/Src/stm32f4xx_hal_gpio.o
 .debug_abbrev  0x000000000000151e      0x263 Drivers/STM32F4xx_HAL_Driver/Src/stm32f4xx_hal_i2c.o
 .debug_abbrev  0x0000000000001781      0x266 Drivers/STM32F4xx_HAL_Driver/Src/stm32f4xx_hal_pcd.o
 .debug_abbrev  0x00000000000019e7      0x1cf Drivers/STM32F4xx_HAL_Driver/Src/stm32f4xx_hal_pcd_ex.o
 .debug_abbrev  0x0000000000001bb6      0x245 Drivers/STM32F4xx_HAL_Driver/Src/stm32f4xx_hal_rcc.o
 .debug_abbrev  0x0000000000001dfb      0x26d Drivers/STM32F4xx_HAL_Driver/Src/stm32f4xx_ll_usb.o
 .debug_abbrev  0x0000000000002068      0x2bc Middlewares/ST/STM32_USB_Device_Library/Class/CDC/Src/usbd_cdc.o
 .debug_abbrev  0x0000000000002324      0x27d Middlewares/ST/STM32_USB_Device_Library/Core/Src/usbd_core.o
 .debug_abbrev  0x00000000000025a1      0x2ba Middlewares/ST/STM32_USB_Device_Library/Core/Src/usbd_ctlreq.o
 .debug_abbrev  0x000000000000285b      0x1fc Middlewares/ST/STM32_USB_Device_Library/Core/Src/usbd_ioreq.o
 .debug_abbrev  0x0000000000002a57      0x1da USB_DEVICE/App/usb_device.o
 .debug_abbrev  0x0000000000002c31      0x2ca USB_DEVICE/App/usbd_cdc_if.o
 .debug_abbrev  0x0000000000002efb      0x272 USB_DEVICE/App/usbd_desc.o
 .debug_abbrev  0x000000000000316d      0x2b0 USB_DEVICE/Target/usbd_conf.o

.debug_aranges  0x0000000000000000      0xf08
 .debug_aranges
                0x0000000000000000       0x58 Core/Src/main.o
 .debug_aranges
                0x0000000000000058       0xc0 Core/Src/ssd1306.o
 .debug_aranges
                0x0000000000000118       0x18 Core/Src/ssd1306_fonts.o
 .debug_aranges
                0x0000000000000130       0x60 Core/Src/ssd1306_tests.o
 .debug_aranges
                0x0000000000000190       0x30 Core/Src/stm32f4xx_hal_msp.o
 .debug_aranges
                0x00000000000001c0       0x68 Core/Src/stm32f4xx_it.o
 .debug_aranges
                0x0000000000000228       0x20 Core/Src/sysmem.o
 .debug_aranges
                0x0000000000000248       0x28 Core/Src/system_stm32f4xx.o
 .debug_aranges
                0x0000000000000270       0x28 Core/Startup/startup_stm32f411ceux.o
 .debug_aranges
                0x0000000000000298       0xf0 Drivers/STM32F4xx_HAL_Driver/Src/stm32f4xx_hal.o
 .debug_aranges
                0x0000000000000388      0x118 Drivers/STM32F4xx_HAL_Driver/Src/stm32f4xx_hal_cortex.o
 .debug_aranges
                0x00000000000004a0       0x58 Drivers/STM32F4xx_HAL_Driver/Src/stm32f4xx_hal_gpio.o
 .debug_aranges
                0x00000000000004f8      0x298 Drivers/STM32F4xx_HAL_Driver/Src/stm32f4xx_hal_i2c.o
 .debug_aranges
                0x0000000000000790      0x130 Drivers/STM32F4xx_HAL_Driver/Src/stm32f4xx_hal_pcd.o
 .debug_aranges
                0x00000000000008c0       0x38 Drivers/STM32F4xx_HAL_Driver/Src/stm32f4xx_hal_pcd_ex.o
 .debug_aranges
                0x00000000000008f8       0x88 Drivers/STM32F4xx_HAL_Driver/Src/stm32f4xx_hal_rcc.o
 .debug_aranges
                0x0000000000000980      0x198 Drivers/STM32F4xx_HAL_Driver/Src/stm32f4xx_ll_usb.o
 .debug_aranges
                0x0000000000000b18       0x90 Middlewares/ST/STM32_USB_Device_Library/Class/CDC/Src/usbd_cdc.o
 .debug_aranges
                0x0000000000000ba8       0xb8 Middlewares/ST/STM32_USB_Device_Library/Core/Src/usbd_core.o
 .debug_aranges
                0x0000000000000c60       0x90 Middlewares/ST/STM32_USB_Device_Library/Core/Src/usbd_ctlreq.o
 .debug_aranges
                0x0000000000000cf0       0x50 Middlewares/ST/STM32_USB_Device_Library/Core/Src/usbd_ioreq.o
 .debug_aranges
                0x0000000000000d40       0x20 USB_DEVICE/App/usb_device.o
 .debug_aranges
                0x0000000000000d60       0x48 USB_DEVICE/App/usbd_cdc_if.o
 .debug_aranges
                0x0000000000000da8       0x60 USB_DEVICE/App/usbd_desc.o
 .debug_aranges
                0x0000000000000e08      0x100 USB_DEVICE/Target/usbd_conf.o

.debug_ranges   0x0000000000000000      0xd98
 .debug_ranges  0x0000000000000000       0x48 Core/Src/main.o
 .debug_ranges  0x0000000000000048       0xb0 Core/Src/ssd1306.o
 .debug_ranges  0x00000000000000f8       0x50 Core/Src/ssd1306_tests.o
 .debug_ranges  0x0000000000000148       0x20 Core/Src/stm32f4xx_hal_msp.o
 .debug_ranges  0x0000000000000168       0x58 Core/Src/stm32f4xx_it.o
 .debug_ranges  0x00000000000001c0       0x10 Core/Src/sysmem.o
 .debug_ranges  0x00000000000001d0       0x18 Core/Src/system_stm32f4xx.o
 .debug_ranges  0x00000000000001e8       0x20 Core/Startup/startup_stm32f411ceux.o
 .debug_ranges  0x0000000000000208       0xe0 Drivers/STM32F4xx_HAL_Driver/Src/stm32f4xx_hal.o
 .debug_ranges  0x00000000000002e8      0x108 Drivers/STM32F4xx_HAL_Driver/Src/stm32f4xx_hal_cortex.o
 .debug_ranges  0x00000000000003f0       0x48 Drivers/STM32F4xx_HAL_Driver/Src/stm32f4xx_hal_gpio.o
 .debug_ranges  0x0000000000000438      0x2a8 Drivers/STM32F4xx_HAL_Driver/Src/stm32f4xx_hal_i2c.o
 .debug_ranges  0x00000000000006e0      0x120 Drivers/STM32F4xx_HAL_Driver/Src/stm32f4xx_hal_pcd.o
 .debug_ranges  0x0000000000000800       0x28 Drivers/STM32F4xx_HAL_Driver/Src/stm32f4xx_hal_pcd_ex.o
 .debug_ranges  0x0000000000000828       0x78 Drivers/STM32F4xx_HAL_Driver/Src/stm32f4xx_hal_rcc.o
 .debug_ranges  0x00000000000008a0      0x188 Drivers/STM32F4xx_HAL_Driver/Src/stm32f4xx_ll_usb.o
 .debug_ranges  0x0000000000000a28       0x80 Middlewares/ST/STM32_USB_Device_Library/Class/CDC/Src/usbd_cdc.o
 .debug_ranges  0x0000000000000aa8       0xa8 Middlewares/ST/STM32_USB_Device_Library/Core/Src/usbd_core.o
 .debug_ranges  0x0000000000000b50       0x80 Middlewares/ST/STM32_USB_Device_Library/Core/Src/usbd_ctlreq.o
 .debug_ranges  0x0000000000000bd0       0x40 Middlewares/ST/STM32_USB_Device_Library/Core/Src/usbd_ioreq.o
 .debug_ranges  0x0000000000000c10       0x10 USB_DEVICE/App/usb_device.o
 .debug_ranges  0x0000000000000c20       0x38 USB_DEVICE/App/usbd_cdc_if.o
 .debug_ranges  0x0000000000000c58       0x50 USB_DEVICE/App/usbd_desc.o
 .debug_ranges  0x0000000000000ca8       0xf0 USB_DEVICE/Target/usbd_conf.o

.debug_macro    0x0000000000000000    0x19a01
 .debug_macro   0x0000000000000000      0x409 Core/Src/main.o
 .debug_macro   0x0000000000000409      0xa5a Core/Src/main.o
 .debug_macro   0x0000000000000e63      0x294 Core/Src/main.o
 .debug_macro   0x00000000000010f7       0x2e Core/Src/main.o
 .debug_macro   0x0000000000001125       0x28 Core/Src/main.o
 .debug_macro   0x000000000000114d       0x22 Core/Src/main.o
 .debug_macro   0x000000000000116f       0x8e Core/Src/main.o
 .debug_macro   0x00000000000011fd       0x51 Core/Src/main.o
 .debug_macro   0x000000000000124e       0xef Core/Src/main.o
 .debug_macro   0x000000000000133d       0x6a Core/Src/main.o
 .debug_macro   0x00000000000013a7      0x1df Core/Src/main.o
 .debug_macro   0x0000000000001586       0x1c Core/Src/main.o
 .debug_macro   0x00000000000015a2       0x22 Core/Src/main.o
 .debug_macro   0x00000000000015c4       0xdf Core/Src/main.o
 .debug_macro   0x00000000000016a3     0x102d Core/Src/main.o
 .debug_macro   0x00000000000026d0      0x11f Core/Src/main.o
 .debug_macro   0x00000000000027ef     0xb937 Core/Src/main.o
 .debug_macro   0x000000000000e126       0x43 Core/Src/main.o
 .debug_macro   0x000000000000e169     0x3659 Core/Src/main.o
 .debug_macro   0x00000000000117c2      0x174 Core/Src/main.o
 .debug_macro   0x0000000000011936       0x5a Core/Src/main.o
 .debug_macro   0x0000000000011990      0x447 Core/Src/main.o
 .debug_macro   0x0000000000011dd7      0x9fe Core/Src/main.o
 .debug_macro   0x00000000000127d5      0x117 Core/Src/main.o
 .debug_macro   0x00000000000128ec      0x11b Core/Src/main.o
 .debug_macro   0x0000000000012a07       0x27 Core/Src/main.o
 .debug_macro   0x0000000000012a2e      0x15f Core/Src/main.o
 .debug_macro   0x0000000000012b8d      0x287 Core/Src/main.o
 .debug_macro   0x0000000000012e14       0x5f Core/Src/main.o
 .debug_macro   0x0000000000012e73      0x236 Core/Src/main.o
 .debug_macro   0x00000000000130a9      0x132 Core/Src/main.o
 .debug_macro   0x00000000000131db      0x264 Core/Src/main.o
 .debug_macro   0x000000000001343f       0x2e Core/Src/main.o
 .debug_macro   0x000000000001346d      0x1b5 Core/Src/main.o
 .debug_macro   0x0000000000013622       0x22 Core/Src/main.o
 .debug_macro   0x0000000000013644       0xd6 Core/Src/main.o
 .debug_macro   0x000000000001371a      0x11a Core/Src/main.o
 .debug_macro   0x0000000000013834       0x85 Core/Src/main.o
 .debug_macro   0x00000000000138b9       0x89 Core/Src/main.o
 .debug_macro   0x0000000000013942      0x21e Core/Src/main.o
 .debug_macro   0x0000000000013b60       0xba Core/Src/main.o
 .debug_macro   0x0000000000013c1a      0x126 Core/Src/main.o
 .debug_macro   0x0000000000013d40       0x46 Core/Src/main.o
 .debug_macro   0x0000000000013d86       0x18 Core/Src/main.o
 .debug_macro   0x0000000000013d9e       0x3c Core/Src/main.o
 .debug_macro   0x0000000000013dda       0x34 Core/Src/main.o
 .debug_macro   0x0000000000013e0e       0x3a Core/Src/main.o
 .debug_macro   0x0000000000013e48       0x40 Core/Src/main.o
 .debug_macro   0x0000000000013e88       0x16 Core/Src/main.o
 .debug_macro   0x0000000000013e9e       0x35 Core/Src/main.o
 .debug_macro   0x0000000000013ed3      0x32a Core/Src/main.o
 .debug_macro   0x00000000000141fd       0x10 Core/Src/main.o
 .debug_macro   0x000000000001420d       0x52 Core/Src/main.o
 .debug_macro   0x000000000001425f       0x1f Core/Src/main.o
 .debug_macro   0x000000000001427e       0x43 Core/Src/main.o
 .debug_macro   0x00000000000142c1       0x20 Core/Src/main.o
 .debug_macro   0x00000000000142e1      0x1a3 Core/Src/main.o
 .debug_macro   0x0000000000014484       0x10 Core/Src/main.o
 .debug_macro   0x0000000000014494       0x1c Core/Src/main.o
 .debug_macro   0x00000000000144b0       0x52 Core/Src/main.o
 .debug_macro   0x0000000000014502       0x40 Core/Src/main.o
 .debug_macro   0x0000000000014542       0x10 Core/Src/main.o
 .debug_macro   0x0000000000014552       0x40 Core/Src/main.o
 .debug_macro   0x0000000000014592       0xd7 Core/Src/main.o
 .debug_macro   0x0000000000014669       0x1c Core/Src/main.o
 .debug_macro   0x0000000000014685       0x3d Core/Src/main.o
 .debug_macro   0x00000000000146c2       0x16 Core/Src/main.o
 .debug_macro   0x00000000000146d8      0x145 Core/Src/main.o
 .debug_macro   0x000000000001481d       0x16 Core/Src/main.o
 .debug_macro   0x0000000000014833       0x16 Core/Src/main.o
 .debug_macro   0x0000000000014849       0x29 Core/Src/main.o
 .debug_macro   0x0000000000014872       0x16 Core/Src/main.o
 .debug_macro   0x0000000000014888       0x20 Core/Src/main.o
 .debug_macro   0x00000000000148a8       0x65 Core/Src/main.o
 .debug_macro   0x000000000001490d      0x1c4 Core/Src/main.o
 .debug_macro   0x0000000000014ad1      0x316 Core/Src/ssd1306.o
 .debug_macro   0x0000000000014de7       0x40 Core/Src/ssd1306.o
 .debug_macro   0x0000000000014e27       0x94 Core/Src/ssd1306.o
 .debug_macro   0x0000000000014ebb       0x28 Core/Src/ssd1306.o
 .debug_macro   0x0000000000014ee3       0x57 Core/Src/ssd1306.o
 .debug_macro   0x0000000000014f3a      0x1e1 Core/Src/ssd1306.o
 .debug_macro   0x000000000001511b       0x76 Core/Src/ssd1306_fonts.o
 .debug_macro   0x0000000000015191      0x39d Core/Src/ssd1306_tests.o
 .debug_macro   0x000000000001552e      0x330 Core/Src/ssd1306_tests.o
 .debug_macro   0x000000000001585e       0x10 Core/Src/ssd1306_tests.o
 .debug_macro   0x000000000001586e       0x1c Core/Src/ssd1306_tests.o
 .debug_macro   0x000000000001588a       0xd9 Core/Src/ssd1306_tests.o
 .debug_macro   0x0000000000015963       0x54 Core/Src/ssd1306_tests.o
 .debug_macro   0x00000000000159b7      0x257 Core/Src/stm32f4xx_hal_msp.o
 .debug_macro   0x0000000000015c0e      0x261 Core/Src/stm32f4xx_it.o
 .debug_macro   0x0000000000015e6f       0xee Core/Src/sysmem.o
 .debug_macro   0x0000000000015f5d      0x23b Core/Src/sysmem.o
 .debug_macro   0x0000000000016198      0x1f3 Core/Src/system_stm32f4xx.o
 .debug_macro   0x000000000001638b      0x24d Drivers/STM32F4xx_HAL_Driver/Src/stm32f4xx_hal.o
 .debug_macro   0x00000000000165d8      0x1ed Drivers/STM32F4xx_HAL_Driver/Src/stm32f4xx_hal_cortex.o
 .debug_macro   0x00000000000167c5      0x223 Drivers/STM32F4xx_HAL_Driver/Src/stm32f4xx_hal_gpio.o
 .debug_macro   0x00000000000169e8      0x22d Drivers/STM32F4xx_HAL_Driver/Src/stm32f4xx_hal_i2c.o
 .debug_macro   0x0000000000016c15      0x1f9 Drivers/STM32F4xx_HAL_Driver/Src/stm32f4xx_hal_pcd.o
 .debug_macro   0x0000000000016e0e      0x1ed Drivers/STM32F4xx_HAL_Driver/Src/stm32f4xx_hal_pcd_ex.o
 .debug_macro   0x0000000000016ffb      0x211 Drivers/STM32F4xx_HAL_Driver/Src/stm32f4xx_hal_rcc.o
 .debug_macro   0x000000000001720c      0x1ed Drivers/STM32F4xx_HAL_Driver/Src/stm32f4xx_ll_usb.o
 .debug_macro   0x00000000000173f9      0x434 Middlewares/ST/STM32_USB_Device_Library/Class/CDC/Src/usbd_cdc.o
 .debug_macro   0x000000000001782d       0x97 Middlewares/ST/STM32_USB_Device_Library/Class/CDC/Src/usbd_cdc.o
 .debug_macro   0x00000000000178c4       0xfd Middlewares/ST/STM32_USB_Device_Library/Class/CDC/Src/usbd_cdc.o
 .debug_macro   0x00000000000179c1       0x8f Middlewares/ST/STM32_USB_Device_Library/Class/CDC/Src/usbd_cdc.o
 .debug_macro   0x0000000000017a50      0x41b Middlewares/ST/STM32_USB_Device_Library/Core/Src/usbd_core.o
 .debug_macro   0x0000000000017e6b      0x1ca Middlewares/ST/STM32_USB_Device_Library/Core/Src/usbd_core.o
 .debug_macro   0x0000000000018035      0x425 Middlewares/ST/STM32_USB_Device_Library/Core/Src/usbd_ctlreq.o
 .debug_macro   0x000000000001845a      0x421 Middlewares/ST/STM32_USB_Device_Library/Core/Src/usbd_ioreq.o
 .debug_macro   0x000000000001887b      0x45a USB_DEVICE/App/usb_device.o
 .debug_macro   0x0000000000018cd5       0x22 USB_DEVICE/App/usb_device.o
 .debug_macro   0x0000000000018cf7       0x16 USB_DEVICE/App/usb_device.o
 .debug_macro   0x0000000000018d0d      0x43f USB_DEVICE/App/usbd_cdc_if.o
 .debug_macro   0x000000000001914c       0x10 USB_DEVICE/App/usbd_cdc_if.o
 .debug_macro   0x000000000001915c      0x45e USB_DEVICE/App/usbd_desc.o
 .debug_macro   0x00000000000195ba       0x1c USB_DEVICE/App/usbd_desc.o
 .debug_macro   0x00000000000195d6      0x42b USB_DEVICE/Target/usbd_conf.o

.debug_line     0x0000000000000000     0xff2a
 .debug_line    0x0000000000000000      0xb6d Core/Src/main.o
 .debug_line    0x0000000000000b6d      0xb6c Core/Src/ssd1306.o
 .debug_line    0x00000000000016d9      0x3a0 Core/Src/ssd1306_fonts.o
 .debug_line    0x0000000000001a79      0xa83 Core/Src/ssd1306_tests.o
 .debug_line    0x00000000000024fc      0x840 Core/Src/stm32f4xx_hal_msp.o
 .debug_line    0x0000000000002d3c      0x8c6 Core/Src/stm32f4xx_it.o
 .debug_line    0x0000000000003602      0x4b8 Core/Src/sysmem.o
 .debug_line    0x0000000000003aba      0x6ff Core/Src/system_stm32f4xx.o
 .debug_line    0x00000000000041b9       0x85 Core/Startup/startup_stm32f411ceux.o
 .debug_line    0x000000000000423e      0x8e9 Drivers/STM32F4xx_HAL_Driver/Src/stm32f4xx_hal.o
 .debug_line    0x0000000000004b27      0xa0d Drivers/STM32F4xx_HAL_Driver/Src/stm32f4xx_hal_cortex.o
 .debug_line    0x0000000000005534      0x88c Drivers/STM32F4xx_HAL_Driver/Src/stm32f4xx_hal_gpio.o
 .debug_line    0x0000000000005dc0     0x1b23 Drivers/STM32F4xx_HAL_Driver/Src/stm32f4xx_hal_i2c.o
 .debug_line    0x00000000000078e3      0xc60 Drivers/STM32F4xx_HAL_Driver/Src/stm32f4xx_hal_pcd.o
 .debug_line    0x0000000000008543      0x742 Drivers/STM32F4xx_HAL_Driver/Src/stm32f4xx_hal_pcd_ex.o
 .debug_line    0x0000000000008c85      0x941 Drivers/STM32F4xx_HAL_Driver/Src/stm32f4xx_hal_rcc.o
 .debug_line    0x00000000000095c6      0xe13 Drivers/STM32F4xx_HAL_Driver/Src/stm32f4xx_ll_usb.o
 .debug_line    0x000000000000a3d9      0xbe6 Middlewares/ST/STM32_USB_Device_Library/Class/CDC/Src/usbd_cdc.o
 .debug_line    0x000000000000afbf      0xc03 Middlewares/ST/STM32_USB_Device_Library/Core/Src/usbd_core.o
 .debug_line    0x000000000000bbc2      0xcf6 Middlewares/ST/STM32_USB_Device_Library/Core/Src/usbd_ctlreq.o
 .debug_line    0x000000000000c8b8      0xa81 Middlewares/ST/STM32_USB_Device_Library/Core/Src/usbd_ioreq.o
 .debug_line    0x000000000000d339      0xa63 USB_DEVICE/App/usb_device.o
 .debug_line    0x000000000000dd9c      0xaa9 USB_DEVICE/App/usbd_cdc_if.o
 .debug_line    0x000000000000e845      0xab5 USB_DEVICE/App/usbd_desc.o
 .debug_line    0x000000000000f2fa      0xc30 USB_DEVICE/Target/usbd_conf.o

.debug_str      0x0000000000000000    0x8a343
 .debug_str     0x0000000000000000    0x8514c Core/Src/main.o
                                      0x854fb (size before relaxing)
 .debug_str     0x000000000008514c      0xb8e Core/Src/ssd1306.o
                                      0x8433a (size before relaxing)
 .debug_str     0x0000000000085cda       0x41 Core/Src/ssd1306_fonts.o
                                       0x3d6d (size before relaxing)
 .debug_str     0x0000000000085d1b       0xe6 Core/Src/ssd1306_tests.o
                                      0x848f1 (size before relaxing)
 .debug_str     0x0000000000085e01       0xb5 Core/Src/stm32f4xx_hal_msp.o
                                      0x80b46 (size before relaxing)
 .debug_str     0x0000000000085eb6      0x3fc Core/Src/stm32f4xx_it.o
                                      0x80d89 (size before relaxing)
 .debug_str     0x00000000000862b2      0x4e9 Core/Src/sysmem.o
                                       0x5f5e (size before relaxing)
 .debug_str     0x000000000008679b       0xc4 Core/Src/system_stm32f4xx.o
                                      0x80136 (size before relaxing)
 .debug_str     0x000000000008685f       0x36 Core/Startup/startup_stm32f411ceux.o
                                         0x6b (size before relaxing)
 .debug_str     0x0000000000086895      0x90f Drivers/STM32F4xx_HAL_Driver/Src/stm32f4xx_hal.o
                                      0x80aab (size before relaxing)
 .debug_str     0x00000000000871a4      0x399 Drivers/STM32F4xx_HAL_Driver/Src/stm32f4xx_hal_cortex.o
                                      0x80888 (size before relaxing)